<!doctype html>
<html class="cpprefjp" lang="ja" itemscope="" itemtype="http://schema.org/WebPage">
    <head>
        
  
<!-- Google tag (gtag.js) -->
<script async src="https://www.googletagmanager.com/gtag/js?id=G-NXNBNVBTJS"></script>
<script>
  window.dataLayer = window.dataLayer || [];
  function gtag(){dataLayer.push(arguments);}
  gtag('js', new Date());

  gtag('config', 'G-NXNBNVBTJS');
</script>


        <meta charset="UTF-8">

        <title>expected.void::transform_error - cpprefjp C++日本語リファレンス</title>

        <meta name="viewport" content="width=device-width,initial-scale=1">
        <meta name="keywords" content="
  C++,標準ライブラリ,リファレンス,ドキュメント,STL,std,expected,function template,std,expected.void,cpp23
">
        <meta name="title" content="expected.void::transform_error - cpprefjp C++日本語リファレンス" />
        <meta itemprop="name" content="expected.void::transform_error - cpprefjp C++日本語リファレンス" />
        <meta property="og:title" content="expected.void::transform_error - cpprefjp C++日本語リファレンス" />
        <meta property="og:url" content="https://cpprefjp.github.io/reference/expected/expected.void/transform_error.html" />
        <meta property="og:site_name" content="cpprefjp - C++日本語リファレンス" />
        <meta property="og:type" content="article" />
        <meta property="og:description" content="エラー値を保持していれば、エラー値に対して`f`を適用した結果を`expected`のエラー値として格納して返す。" />
        <meta name="twitter:card" content="summary" />
        <meta name="twitter:title" content="expected.void::transform_error - cpprefjp C++日本語リファレンス" />
        <meta name="twitter:url" content="https://cpprefjp.github.io/reference/expected/expected.void/transform_error.html" />
        <meta name="twitter:description" content="エラー値を保持していれば、エラー値に対して`f`を適用した結果を`expected`のエラー値として格納して返す。" />

        
  <link rel="alternate" type="application/atom+xml" title="Atom" href="https://cpprefjp.github.io/rss.xml" />


<link rel="apple-touch-icon" sizes="180x180" href="../../../static/favicons/apple-touch-icon.png?cachebust=8057d990dd61d47f1f176cd500c679183b81aeaa">
<link rel="icon" type="image/png" sizes="32x32" href="../../../static/favicons/favicon-32x32.png?cachebust=8057d990dd61d47f1f176cd500c679183b81aeaa">
<link rel="icon" type="image/png" sizes="16x16" href="../../../static/favicons/favicon-16x16.png?cachebust=8057d990dd61d47f1f176cd500c679183b81aeaa">
<link rel="manifest" href="../../../manifest.json?cachebust=8057d990dd61d47f1f176cd500c679183b81aeaa">
<meta name="theme-color" content="#f5f8fc">

<link rel="stylesheet" href="../../../static/pygments/default.css?cachebust=8057d990dd61d47f1f176cd500c679183b81aeaa">
<!-- <link rel="stylesheet" href="../../../static/css/root.css"> -->

        
  


<link href="../../../static/kunai/css/kunai-stage-0.css?cachebust=8057d990dd61d47f1f176cd500c679183b81aeaa" rel="stylesheet">
<link href="../../../static/kunai/css/kunai-stage-1.css?cachebust=8057d990dd61d47f1f176cd500c679183b81aeaa" rel="stylesheet">
<link href="../../../static/kunai/css/kunai-stage-2.css?cachebust=8057d990dd61d47f1f176cd500c679183b81aeaa" rel="stylesheet">
<link href="../../../static/kunai/css/kunai-stage-3.css?cachebust=8057d990dd61d47f1f176cd500c679183b81aeaa" rel="stylesheet">

<script type="text/javascript" src="../../../static/kunai/js/kunai-vendor.js?cachebust=8057d990dd61d47f1f176cd500c679183b81aeaa"></script>
<script type="text/javascript" src="../../../static/kunai/js/kunai.js?cachebust=8057d990dd61d47f1f176cd500c679183b81aeaa"></script>

<script type="text/javascript">
  document.addEventListener('DOMContentLoaded', function() {
    var kn = new Kunai;
    kn.cpprefjp();
  });
</script>

    </head>
    <body>
<header data-kunai-mdinfo="{&#34;meta&#34;: {&#34;header&#34;: [&#34;expected&#34;], &#34;id-type&#34;: [&#34;function template&#34;], &#34;namespace&#34;: [&#34;std&#34;], &#34;class&#34;: [&#34;expected.void&#34;], &#34;cpp&#34;: [&#34;cpp23&#34;]}, &#34;sources&#34;: [{&#34;id&#34;: &#34;007f8133063c1f0a8a33002dbe66145784b8f37e&#34;, &#34;source&#34;: &#34;#include &lt;cassert&gt;\n#include &lt;expected&gt;\n#include &lt;format&gt;\n#include &lt;string&gt;\n\nstd::string int2str(int n)\n{\n  return std::format(\&#34;({})\&#34;, n);\n}\n\nint main()\n{\n  std::expected&lt;void, int&gt; v1;\n  assert(v1.transform_error(int2str).has_value());\n\n  std::expected&lt;void, int&gt; e1 = std::unexpected{42};\n  assert(e1.transform_error(int2str).error() == \&#34;(42)\&#34;);\n}\n&#34;}], &#34;page_id&#34;: [&#34;reference&#34;, &#34;expected&#34;, &#34;expected.void&#34;, &#34;transform_error&#34;]}">
  <nav class="navbar navbar-default" role="navigation">
    <div class="container-fluid">
      <div class="navbar-header">
        <button type="button" class="navbar-toggle collapsed" data-toggle="collapse" data-target="#navbar-collapse">
          <span class="sr-only">Toggle navigation</span>
          <span class="icon-bar"></span>
          <span class="icon-bar"></span>
          <span class="icon-bar"></span>
        </button>
        <a class="navbar-brand" href="../../../index.html">
          <div class="title-wrapper clearfix">
            <div class="title">cpprefjp - C++日本語リファレンス</div>
          </div>
        </a>
      </div>

      <div class="collapse navbar-collapse" id="navbar-collapse">
        <ul class="nav navbar-nav navbar-right">
          <li>
            <div class="google-search">
              
  
<script>
  (function() {
    var cx = '013316413321391058734:ji_u66hl7hq';
    var gcse = document.createElement('script');
    gcse.type = 'text/javascript';
    gcse.async = true;
    gcse.src = (document.location.protocol == 'https:' ? 'https:' : 'http:') +
        '//www.google.com/cse/cse.js?cx=' + cx;
    var s = document.getElementsByTagName('script')[0];
    s.parentNode.insertBefore(gcse, s);
  })();
</script>
<div class="gcse-search"></div>


            </div>
          </li>
          <li>
  <a href="https://github.com/cpprefjp/site">GitHub Project</a>
</li>
        </ul>
      </div>
    </div>
  </nav>
</header>

        <main id="main" role="main">
            <div class="container-fluid">
<div class="row">
  <div class="col-sm-9 col-sm-push-3" itemscope itemtype="http://schema.org/Article">
    <div class="row">
      <div class="col-sm-12 google-search-result">
        <gcse:searchresults></gcse:searchresults>
      </div>
    </div>
    <div class="row">
      <div class="col-sm-12 content-header">
        
  <ol class="breadcrumb">
    
      <li  itemscope itemtype="http://www.schema.org/SiteNavigationElement">
        <span>
          
            <a href="../../../index.html" itemprop="url">
              
                <i class="fa fa-fw fa-home"></i>
              
            </a>
          
        </span>
      </li>
    
      <li  itemscope itemtype="http://www.schema.org/SiteNavigationElement">
        <span>
          
            <a href="../../../reference.html" itemprop="url">
              
                <span itemprop="name">リファレンス</span>
              
            </a>
          
        </span>
      </li>
    
      <li  itemscope itemtype="http://www.schema.org/SiteNavigationElement">
        <span>
          
            <a href="../../../reference/expected.html" itemprop="url">
              
                <span itemprop="name">expected</span>
              
            </a>
          
        </span>
      </li>
    
      <li  itemscope itemtype="http://www.schema.org/SiteNavigationElement">
        <span>
          
            <a href="../../../reference/expected/expected.void.html" itemprop="url">
              
                <span itemprop="name">expected.void</span>
              
            </a>
          
        </span>
      </li>
    
      <li class="active" itemscope itemtype="http://www.schema.org/SiteNavigationElement">
        <span>
          
            
              <span itemprop="name">transform_error</span>
            
          
        </span>
      </li>
    
  </ol>
  <div class="crsearch"></div>

      </div>
    </div>
    <div class="row">
      <div class="col-sm-12 edit-button">
        
  
    <p class="text-right"><small>
      最終更新日時(UTC):
      <span itemprop="datePublished" content="2024-06-11T13:45:38">
        2024年06月11日 13時45分38秒
      </span>
      <br/>
      <span itemprop="author" itemscope itemtype="http://schema.org/Person">
        <span itemprop="name">Akira Takahashi</span>
      </span>
      が更新
    </small></p>
  

        <p class="text-right">
          <a class="history" target="_blank" href="https://github.com/cpprefjp/site/commits/master/reference/expected/expected.void/transform_error.md">
            <span class="fa fa-fw fa-clock-o fa-flip-horizontal"></span>履歴
          </a>
          <a class="edit" target="_blank" href="https://github.com/cpprefjp/site/edit/master/reference/expected/expected.void/transform_error.md">
            <span class="fa fa-fw fa-pencil"></span>編集
          </a>
        </p>
      </div>
    </div>
    <div class="row">
      <div class="col-sm-12 content-body">
        
  <div class="identifier-type">function template</div><div class="header">&lt;expected&gt;</div><h1 itemprop="name"><span class="namespace" title="namespace std">std::</span><span class="class" title="class expected.void">expected.void::</span><span class="token">transform_error</span><span class="cpp cpp23" title="C++23で追加">(C++23)</span></h1>
<div itemprop="articleBody"><p><div class="codehilite"><pre><span></span><code><span class="c1">// expected&lt;cv void, E&gt;部分特殊化</span>
<span class="k">template</span><span class="o">&lt;</span><span class="k">class</span> <span class="nc">F</span><span class="o">&gt;</span> <span class="k">constexpr</span> <span class="k">auto</span> <span class="n">transform_error</span><span class="p">(</span><span class="n">F</span><span class="o">&amp;&amp;</span> <span class="n">f</span><span class="p">)</span> <span class="o">&amp;</span><span class="p">;</span>        <span class="c1">// (1)</span>
<span class="k">template</span><span class="o">&lt;</span><span class="k">class</span> <span class="nc">F</span><span class="o">&gt;</span> <span class="k">constexpr</span> <span class="k">auto</span> <span class="n">transform_error</span><span class="p">(</span><span class="n">F</span><span class="o">&amp;&amp;</span> <span class="n">f</span><span class="p">)</span> <span class="k">const</span> <span class="o">&amp;</span><span class="p">;</span>  <span class="c1">// (2)</span>
<span class="k">template</span><span class="o">&lt;</span><span class="k">class</span> <span class="nc">F</span><span class="o">&gt;</span> <span class="k">constexpr</span> <span class="k">auto</span> <span class="n">transform_error</span><span class="p">(</span><span class="n">F</span><span class="o">&amp;&amp;</span> <span class="n">f</span><span class="p">)</span> <span class="o">&amp;&amp;</span><span class="p">;</span>       <span class="c1">// (3)</span>
<span class="k">template</span><span class="o">&lt;</span><span class="k">class</span> <span class="nc">F</span><span class="o">&gt;</span> <span class="k">constexpr</span> <span class="k">auto</span> <span class="n">transform_error</span><span class="p">(</span><span class="n">F</span><span class="o">&amp;&amp;</span> <span class="n">f</span><span class="p">)</span> <span class="k">const</span> <span class="o">&amp;&amp;</span><span class="p">;</span> <span class="c1">// (4)</span>
</code></pre></div>
</p>
<h2>概要</h2>
<p>エラー値を保持していれば、エラー値に対して<code>f</code>を適用した結果を<code>expected</code>のエラー値として格納して返す。
正常値を保持していれば、そのまま返す。</p>
<p>実際には複数<a class="cpprefjp-defined-word" data-desc="同名の関数を異なる引数・テンプレート・制約などで複数定義すること。または同名の関数の集合">オーバーロード</a>が提供されるが、大まかには下記シグニチャのようにみなせる。
<code>transform_error</code>へは、引数リストに1個の<code>E</code>型をとり<code>Return</code>型を返す関数や関数オブジェクトを与える。</p>
<p><div class="codehilite"><pre><span></span><code><span class="k">template</span> <span class="o">&lt;</span><span class="n">cv</span> <span class="kt">void</span><span class="p">,</span> <span class="k">class</span> <span class="nc">E</span><span class="o">&gt;</span>
<span class="k">class</span> <span class="nc">expected</span> <span class="p">{</span>
  <span class="k">template</span> <span class="o">&lt;</span><span class="k">class</span> <span class="nc">Return</span><span class="o">&gt;</span>
  <span class="n"><a href="../expected.html">std::expected</a></span><span class="o">&lt;</span><span class="n">cv</span> <span class="kt">void</span><span class="p">,</span> <span class="n">Return</span><span class="o">&gt;</span> <span class="n">transform_error</span><span class="p">(</span><span class="n"><a href="../../functional/function.html">function</a></span><span class="o">&lt;</span><span class="n">Return</span><span class="p">(</span><span class="n">E</span><span class="p">)</span><span class="o">&gt;</span> <span class="n">func</span><span class="p">);</span>
<span class="p">};</span>
</code></pre></div>
</p>
<h2><a class="cpprefjp-defined-word" data-desc="関数等の意味論を構成する要素の1つ。Mandates。満たさなければプログラムが不適格となる要件。この要件は、オーバーロード解決によって選択された関数内での`static_assert`の定数条件式や、関数に対するdelete宣言などで表現できる">適格要件</a></h2>
<ul>
<li>(1), (2) : 型<code>G</code>を<code><a href="../../type_traits/remove_cvref.html">remove_cvref_t</a>&lt;<a href="../../type_traits/invoke_result.html">invoke_result_t</a>&lt;F, decltype(<a href="error.html">error()</a>)&gt;&gt;</code>としたとき、次を全て満たすこと<ul>
<li><code>G</code>が<code>expected</code>の有効なエラー値型である</li>
<li>宣言<code>G g(<a href="../../functional/invoke.html">invoke</a>(<a href="../../utility/forward.html">std::forward</a>&lt;F&gt;(f), <a href="error.html">error()</a>));</code>が妥当である</li>
</ul>
</li>
<li>(3), (4) : 型<code>G</code>を<code><a href="../../type_traits/remove_cvref.html">remove_cvref_t</a>&lt;<a href="../../type_traits/invoke_result.html">invoke_result_t</a>&lt;F, decltype(<a href="../../utility/move.html">std::move</a>(<a href="error.html">error()</a>))&gt;&gt;</code>としたとき、次を全て満たすこと<ul>
<li><code>G</code>が<code>expected</code>の有効なエラー値型である</li>
<li>宣言<code>G g(<a href="../../functional/invoke.html">invoke</a>(<a href="../../utility/forward.html">std::forward</a>&lt;F&gt;(f), <a href="../../utility/move.html">std::move</a>(<a href="error.html">error()</a>)));</code>が妥当である</li>
</ul>
</li>
</ul>
<h2>効果</h2>
<ul>
<li>(1), (2) : 次の効果をもつ<ul>
<li>正常値を保持していたら、<code>expected&lt;T, G&gt;()</code>を返す。</li>
<li>そうでなければ、エラー値を<code><a href="../../functional/invoke.html">invoke</a>(<a href="../../utility/forward.html">std::forward</a>&lt;F&gt;(f), <a href="error.html">error()</a>)</code>で<a class="cpprefjp-defined-word" data-desc="direct-non-list-initialization。リスト初期化ではない直接初期化">直接非リスト初期化</a>した<code>expected&lt;T, G&gt;</code>オブジェクトを返す。</li>
</ul>
</li>
<li>(3), (4) : 次の効果をもつ<ul>
<li>正常値を保持していたら、<code>expected&lt;T, G&gt;()</code>を返す。</li>
<li>そうでなければ、エラー値を<code><a href="../../functional/invoke.html">invoke</a>(<a href="../../utility/forward.html">std::forward</a>&lt;F&gt;(f), <a href="../../utility/move.html">std::move</a>(<a href="error.html">error()</a>))</code>で<a class="cpprefjp-defined-word" data-desc="direct-non-list-initialization。リスト初期化ではない直接初期化">直接非リスト初期化</a>した<code>expected&lt;T, G&gt;</code>オブジェクトを返す。</li>
</ul>
</li>
</ul>
<h2>備考</h2>
<p><code>transform_error</code>は、メソッドチェーンをサポートするモナド風(monadic)操作として導入された。</p>
<h2>例</h2>
<p><div class="yata" id="007f8133063c1f0a8a33002dbe66145784b8f37e"><div class="codehilite"><pre><span></span><code><span class="cp">#include</span> <span class="cpf"><a href="../../cassert.html">&lt;cassert&gt;</a></span><span class="cp"></span>
<span class="cp">#include</span> <span class="cpf"><a href="../../expected.html">&lt;expected&gt;</a></span><span class="cp"></span>
<span class="cp">#include</span> <span class="cpf"><a href="../../format.html">&lt;format&gt;</a></span><span class="cp"></span>
<span class="cp">#include</span> <span class="cpf"><a href="../../string.html">&lt;string&gt;</a></span><span class="cp"></span>

<span class="n"><a href="../../string/basic_string.html">std::string</a></span> <span class="nf">int2str</span><span class="p">(</span><span class="kt">int</span> <span class="n">n</span><span class="p">)</span>
<span class="p">{</span>
  <span class="k">return</span> <span class="n">std</span><span class="o">::</span><span class="n">format</span><span class="p">(</span><span class="s">"({})"</span><span class="p">,</span> <span class="n">n</span><span class="p">);</span>
<span class="p">}</span>

<span class="kt">int</span> <span class="nf">main</span><span class="p">()</span>
<span class="p">{</span>
  <span class="n"><a href="../expected.html">std::expected</a></span><span class="o">&lt;</span><span class="kt">void</span><span class="p">,</span> <span class="kt">int</span><span class="o">&gt;</span> <span class="n">v1</span><span class="p">;</span>
  <span class="n"><a href="../../cassert/assert.html">assert</a></span><span class="p">(</span><span class="n">v1</span><span class="p">.</span><span class="n"><span style="color:#ff0000">transform_error</span></span><span class="p">(</span><span class="n">int2str</span><span class="p">).</span><span class="n"><a href="has_value.html">has_value()</a></span><span class="p">);</span>

  <span class="n"><a href="../expected.html">std::expected</a></span><span class="o">&lt;</span><span class="kt">void</span><span class="p">,</span> <span class="kt">int</span><span class="o">&gt;</span> <span class="n">e1</span> <span class="o">=</span> <span class="n"><a href="../unexpected.html">std::unexpected</a></span><span class="p">{</span><span class="mi">42</span><span class="p">};</span>
  <span class="n"><a href="../../cassert/assert.html">assert</a></span><span class="p">(</span><span class="n">e1</span><span class="p">.</span><span class="n"><span style="color:#ff0000">transform_error</span></span><span class="p">(</span><span class="n">int2str</span><span class="p">).</span><span class="n"><a href="error.html">error()</a></span> <span class="o">==</span> <span class="s">"(42)"</span><span class="p">);</span>
<span class="p">}</span>
</code></pre></div>
</div></p>
<h3>出力</h3>
<p><pre><code></code></pre></p>
<h2>バージョン</h2>
<h3>言語</h3>
<ul>
<li>C++23</li>
</ul>
<h3>処理系</h3>
<ul>
<li><a href="../../../implementation.html#clang">Clang</a>: ??</li>
<li><a href="../../../implementation.html#gcc">GCC</a>: 13.0 <span aria-label="検証済" role="img" title="検証済">✅</span></li>
<li><a href="../../../implementation.html#icc">ICC</a>: ??</li>
<li><a href="../../../implementation.html#visual_cpp">Visual C++</a>: ??</li>
</ul>
<h2>関連項目</h2>
<ul>
<li><code><a href="and_then.html">and_then()</a></code></li>
<li><code><a href="or_else.html">or_else()</a></code></li>
<li><code><a href="transform.html">transform()</a></code></li>
</ul>
<h2>参照</h2>
<ul>
<li><a href="https://www.open-std.org/jtc1/sc22/wg21/docs/papers/2022/p2505r5.html" target="_blank">P2505R5 Monadic Functions for <code>std::expected</code></a></li>
</ul></div>

      </div>
    </div>
  </div>
  
  
    <div id="sidebar" class="col-sm-3 col-sm-pull-9">
    </div>
  

</div>
            </div>
        </main>
<footer class="footer navbar navbar-default">
  <div class="container-fluid">
    <p><small>
      本サイトの情報は、
        <a href="https://creativecommons.org/licenses/by/3.0/deed.ja" rel="nofollow">クリエイティブ・コモンズ 表示 3.0 非移植 ライセンス(CC BY)</a>
      の下に提供されています。
    </small></p>
  </div>
</footer>
    </body>
</html>