<!doctype html>
<html class="cpprefjp" lang="ja" itemscope="" itemtype="http://schema.org/WebPage">
    <head>
        
  
<!-- Google tag (gtag.js) -->
<script async src="https://www.googletagmanager.com/gtag/js?id=G-NXNBNVBTJS"></script>
<script>
  window.dataLayer = window.dataLayer || [];
  function gtag(){dataLayer.push(arguments);}
  gtag('js', new Date());

  gtag('config', 'G-NXNBNVBTJS');
</script>


        <meta charset="UTF-8">

        <title>unexpected::コンストラクタ - cpprefjp C++日本語リファレンス</title>

        <meta name="viewport" content="width=device-width,initial-scale=1">
        <meta name="keywords" content="
  C++,標準ライブラリ,リファレンス,ドキュメント,STL,std,expected,function,std,unexpected,cpp23
">
        <meta name="title" content="unexpected::コンストラクタ - cpprefjp C++日本語リファレンス" />
        <meta itemprop="name" content="unexpected::コンストラクタ - cpprefjp C++日本語リファレンス" />
        <meta property="og:title" content="unexpected::コンストラクタ - cpprefjp C++日本語リファレンス" />
        <meta property="og:url" content="https://cpprefjp.github.io/reference/expected/unexpected/op_constructor.html" />
        <meta property="og:site_name" content="cpprefjp - C++日本語リファレンス" />
        <meta property="og:type" content="article" />
        <meta property="og:description" content="- (1) : コピーコンストラクタ。" />
        <meta name="twitter:card" content="summary" />
        <meta name="twitter:title" content="unexpected::コンストラクタ - cpprefjp C++日本語リファレンス" />
        <meta name="twitter:url" content="https://cpprefjp.github.io/reference/expected/unexpected/op_constructor.html" />
        <meta name="twitter:description" content="- (1) : コピーコンストラクタ。" />

        
  <link rel="alternate" type="application/atom+xml" title="Atom" href="https://cpprefjp.github.io/rss.xml" />


<link rel="apple-touch-icon" sizes="180x180" href="../../../static/favicons/apple-touch-icon.png?cachebust=8057d990dd61d47f1f176cd500c679183b81aeaa">
<link rel="icon" type="image/png" sizes="32x32" href="../../../static/favicons/favicon-32x32.png?cachebust=8057d990dd61d47f1f176cd500c679183b81aeaa">
<link rel="icon" type="image/png" sizes="16x16" href="../../../static/favicons/favicon-16x16.png?cachebust=8057d990dd61d47f1f176cd500c679183b81aeaa">
<link rel="manifest" href="../../../manifest.json?cachebust=8057d990dd61d47f1f176cd500c679183b81aeaa">
<meta name="theme-color" content="#f5f8fc">

<link rel="stylesheet" href="../../../static/pygments/default.css?cachebust=8057d990dd61d47f1f176cd500c679183b81aeaa">
<!-- <link rel="stylesheet" href="../../../static/css/root.css"> -->

        
  


<link href="../../../static/kunai/css/kunai-stage-0.css?cachebust=8057d990dd61d47f1f176cd500c679183b81aeaa" rel="stylesheet">
<link href="../../../static/kunai/css/kunai-stage-1.css?cachebust=8057d990dd61d47f1f176cd500c679183b81aeaa" rel="stylesheet">
<link href="../../../static/kunai/css/kunai-stage-2.css?cachebust=8057d990dd61d47f1f176cd500c679183b81aeaa" rel="stylesheet">
<link href="../../../static/kunai/css/kunai-stage-3.css?cachebust=8057d990dd61d47f1f176cd500c679183b81aeaa" rel="stylesheet">

<script type="text/javascript" src="../../../static/kunai/js/kunai-vendor.js?cachebust=8057d990dd61d47f1f176cd500c679183b81aeaa"></script>
<script type="text/javascript" src="../../../static/kunai/js/kunai.js?cachebust=8057d990dd61d47f1f176cd500c679183b81aeaa"></script>

<script type="text/javascript">
  document.addEventListener('DOMContentLoaded', function() {
    var kn = new Kunai;
    kn.cpprefjp();
  });
</script>

    </head>
    <body>
<header data-kunai-mdinfo="{&#34;meta&#34;: {&#34;header&#34;: [&#34;expected&#34;], &#34;id-type&#34;: [&#34;function&#34;], &#34;namespace&#34;: [&#34;std&#34;], &#34;class&#34;: [&#34;unexpected&#34;], &#34;cpp&#34;: [&#34;cpp23&#34;]}, &#34;sources&#34;: [{&#34;id&#34;: &#34;64e8098caeb9f8dfb8c31659f2b1cb28e3528a20&#34;, &#34;source&#34;: &#34;#include &lt;cassert&gt;\n#include &lt;expected&gt;\n#include &lt;memory&gt;\n#include &lt;string&gt;\n#include &lt;string_view&gt;\n#include &lt;tuple&gt;\n#include &lt;utility&gt;\n#include &lt;vector&gt;\n\n// std::pair\u578b\u304b\u30892\u8981\u7d20std::tuple\u578b\u3078\u306f\u30b3\u30d4\u30fc\u5909\u63db\u53ef\u80fd\nusing IntPair  = std::pair&lt;int, int&gt;;\nusing IntTuple = std::tuple&lt;int, int&gt;;\n\n// std::unique_ptr\u578b\u304b\u3089std::shared_ptr\u578b\u3078\u306f\u30e0\u30fc\u30d6\u5909\u63db\u53ef\u80fd\nusing UniquePtr = std::unique_ptr&lt;int&gt;;\nusing SharedPtr = std::shared_ptr&lt;int&gt;;\n\n// \u5f15\u6570\u30ea\u30b9\u30c8 \u307e\u305f\u306f \u521d\u671f\u5316\u5b50\u30ea\u30b9\u30c8\uff0b\u5f15\u6570\u30ea\u30b9\u30c8 \u304b\u3089\u69cb\u7bc9\u53ef\u80fd\u306a\u578b\nstruct ComplexType {\n  std::string data;\n  std::vector&lt;int&gt; seq;\n\n  ComplexType(const char* ptr, size_t len)\n    : data(ptr, len) {}\n  ComplexType(std::initializer_list&lt;int&gt; il, std::string_view sv)\n    : data(sv), seq(il) {} \n};\n\nint main()\n{\n  // (1) \u30b3\u30d4\u30fc\u30b3\u30f3\u30b9\u30c8\u30e9\u30af\u30bf\n  {\n    std::unexpected&lt;int&gt; src{42};\n    std::unexpected&lt;int&gt; dst = src;\n    assert(src.error() == 42 &amp;&amp; dst.error() == 42);\n  }\n\n  // (2) \u30e0\u30fc\u30d6\u30b3\u30f3\u30b9\u30c8\u30e9\u30af\u30bf\n  {\n    std::unexpected&lt;std::string&gt; src{\&#34;Oops!\&#34;};\n    std::unexpected&lt;std::string&gt; dst = std::move(src);\n    assert(dst.error() == \&#34;Oops!\&#34;);\n    // src.error()\u306fstd::string\u30e0\u30fc\u30d6\u5f8c\u306e\u672a\u898f\u5b9a\u306e\u5024\n  }\n\n  // (3) \u5909\u63db\u30b3\u30d4\u30fc\u69cb\u7bc9\n  {\n    IntPair src = {1, 2};\n    std::unexpected&lt;IntTuple&gt; dst{src};\n    assert((dst.error() == IntTuple{1, 2}));\n  }\n  // (3) \u5909\u63db\u30e0\u30fc\u30d6\u69cb\u7bc9\n  {\n    UniquePtr src = std::make_unique&lt;int&gt;(42);\n    std::unexpected&lt;SharedPtr&gt; dst{std::move(src)};\n    assert(*dst.error() == 42);\n    assert(src == nullptr);\n    // \u30e0\u30fc\u30d6\u5f8c\u306estd::unique_ptr\u578b\u306fnullptr\u304c\u4fdd\u8a3c\u3055\u308c\u308b\n  }\n\n  // (4),(5) \u5f15\u6570\u30ea\u30b9\u30c8\u304b\u3089\u76f4\u63a5\u69cb\u7bc9\n  {\n    std::unexpected&lt;ComplexType&gt; x1{std::in_place, \&#34;C++\&#34;, 1};\n    assert(x1.error().data == \&#34;C\&#34;);\n    // \&#34;C++\&#34;\u3088\u308a\u9577\u30551\u306e\u6587\u5b57\u5217\u304c\u69cb\u7bc9\u3055\u308c\u3066\u3044\u308b\n\n    std::unexpected&lt;ComplexType&gt; x2{std::in_place, {98, 11, 23}, \&#34;C++\&#34;};\n    assert(x2.error().data == \&#34;C++\&#34;);\n    assert((x2.error().seq == std::vector&lt;int&gt;{98, 11, 23}));\n  }\n}\n&#34;}], &#34;page_id&#34;: [&#34;reference&#34;, &#34;expected&#34;, &#34;unexpected&#34;, &#34;op_constructor&#34;]}">
  <nav class="navbar navbar-default" role="navigation">
    <div class="container-fluid">
      <div class="navbar-header">
        <button type="button" class="navbar-toggle collapsed" data-toggle="collapse" data-target="#navbar-collapse">
          <span class="sr-only">Toggle navigation</span>
          <span class="icon-bar"></span>
          <span class="icon-bar"></span>
          <span class="icon-bar"></span>
        </button>
        <a class="navbar-brand" href="../../../index.html">
          <div class="title-wrapper clearfix">
            <div class="title">cpprefjp - C++日本語リファレンス</div>
          </div>
        </a>
      </div>

      <div class="collapse navbar-collapse" id="navbar-collapse">
        <ul class="nav navbar-nav navbar-right">
          <li>
            <div class="google-search">
              
  
<script>
  (function() {
    var cx = '013316413321391058734:ji_u66hl7hq';
    var gcse = document.createElement('script');
    gcse.type = 'text/javascript';
    gcse.async = true;
    gcse.src = (document.location.protocol == 'https:' ? 'https:' : 'http:') +
        '//www.google.com/cse/cse.js?cx=' + cx;
    var s = document.getElementsByTagName('script')[0];
    s.parentNode.insertBefore(gcse, s);
  })();
</script>
<div class="gcse-search"></div>


            </div>
          </li>
          <li>
  <a href="https://github.com/cpprefjp/site">GitHub Project</a>
</li>
        </ul>
      </div>
    </div>
  </nav>
</header>

        <main id="main" role="main">
            <div class="container-fluid">
<div class="row">
  <div class="col-sm-9 col-sm-push-3" itemscope itemtype="http://schema.org/Article">
    <div class="row">
      <div class="col-sm-12 google-search-result">
        <gcse:searchresults></gcse:searchresults>
      </div>
    </div>
    <div class="row">
      <div class="col-sm-12 content-header">
        
  <ol class="breadcrumb">
    
      <li  itemscope itemtype="http://www.schema.org/SiteNavigationElement">
        <span>
          
            <a href="../../../index.html" itemprop="url">
              
                <i class="fa fa-fw fa-home"></i>
              
            </a>
          
        </span>
      </li>
    
      <li  itemscope itemtype="http://www.schema.org/SiteNavigationElement">
        <span>
          
            <a href="../../../reference.html" itemprop="url">
              
                <span itemprop="name">リファレンス</span>
              
            </a>
          
        </span>
      </li>
    
      <li  itemscope itemtype="http://www.schema.org/SiteNavigationElement">
        <span>
          
            <a href="../../../reference/expected.html" itemprop="url">
              
                <span itemprop="name">expected</span>
              
            </a>
          
        </span>
      </li>
    
      <li  itemscope itemtype="http://www.schema.org/SiteNavigationElement">
        <span>
          
            <a href="../../../reference/expected/unexpected.html" itemprop="url">
              
                <span itemprop="name">unexpected</span>
              
            </a>
          
        </span>
      </li>
    
      <li class="active" itemscope itemtype="http://www.schema.org/SiteNavigationElement">
        <span>
          
            
              <span itemprop="name">コンストラクタ</span>
            
          
        </span>
      </li>
    
  </ol>
  <div class="crsearch"></div>

      </div>
    </div>
    <div class="row">
      <div class="col-sm-12 edit-button">
        
  
    <p class="text-right"><small>
      最終更新日時(UTC):
      <span itemprop="datePublished" content="2024-06-11T13:45:38">
        2024年06月11日 13時45分38秒
      </span>
      <br/>
      <span itemprop="author" itemscope itemtype="http://schema.org/Person">
        <span itemprop="name">Akira Takahashi</span>
      </span>
      が更新
    </small></p>
  

        <p class="text-right">
          <a class="history" target="_blank" href="https://github.com/cpprefjp/site/commits/master/reference/expected/unexpected/op_constructor.md">
            <span class="fa fa-fw fa-clock-o fa-flip-horizontal"></span>履歴
          </a>
          <a class="edit" target="_blank" href="https://github.com/cpprefjp/site/edit/master/reference/expected/unexpected/op_constructor.md">
            <span class="fa fa-fw fa-pencil"></span>編集
          </a>
        </p>
      </div>
    </div>
    <div class="row">
      <div class="col-sm-12 content-body">
        
  <div class="identifier-type">function</div><div class="header">&lt;expected&gt;</div><h1 itemprop="name"><span class="namespace" title="namespace std">std::</span><span class="class" title="class unexpected">unexpected::</span><span class="token">コンストラクタ</span><span class="cpp cpp23" title="C++23で追加">(C++23)</span></h1>
<div itemprop="articleBody"><p><div class="codehilite"><pre><span></span><code><span class="k">constexpr</span> <span class="nf">unexpected</span><span class="p">(</span><span class="k">const</span> <span class="n">unexpected</span><span class="o">&amp;</span><span class="p">)</span> <span class="o">=</span> <span class="k">default</span><span class="p">;</span>  <span class="c1">// (1)</span>
<span class="k">constexpr</span> <span class="nf">unexpected</span><span class="p">(</span><span class="n">unexpected</span><span class="o">&amp;&amp;</span><span class="p">)</span> <span class="o">=</span> <span class="k">default</span><span class="p">;</span>       <span class="c1">// (2)</span>

<span class="k">template</span><span class="o">&lt;</span><span class="k">class</span> <span class="nc">Err</span> <span class="o">=</span> <span class="n">E</span><span class="o">&gt;</span>
<span class="k">constexpr</span> <span class="k">explicit</span> <span class="n">unexpected</span><span class="p">(</span><span class="n">Err</span><span class="o">&amp;&amp;</span> <span class="n">e</span><span class="p">);</span>  <span class="c1">// (3)</span>

<span class="k">template</span><span class="o">&lt;</span><span class="n">class</span><span class="p">...</span> <span class="n">Args</span><span class="o">&gt;</span>
<span class="k">constexpr</span> <span class="k">explicit</span> <span class="n">unexpected</span><span class="p">(</span><span class="n"><a href="../../utility/in_place_t.html">in_place_t</a></span><span class="p">,</span> <span class="n">Args</span><span class="o">&amp;&amp;</span><span class="p">...</span> <span class="n">args</span><span class="p">);</span>  <span class="c1">// (4)</span>
<span class="k">template</span><span class="o">&lt;</span><span class="k">class</span> <span class="nc">U</span><span class="p">,</span> <span class="n">class</span><span class="p">...</span> <span class="n">Args</span><span class="o">&gt;</span>
<span class="k">constexpr</span> <span class="k">explicit</span> <span class="n">unexpected</span><span class="p">(</span><span class="n"><a href="../../utility/in_place_t.html">in_place_t</a></span><span class="p">,</span> <span class="n"><a href="../../initializer_list/initializer_list.html">initializer_list</a></span><span class="o">&lt;</span><span class="n">U</span><span class="o">&gt;</span> <span class="n">il</span><span class="p">,</span> <span class="n">Args</span><span class="o">&amp;&amp;</span><span class="p">...</span> <span class="n">args</span><span class="p">);</span> <span class="c1">// (5)</span>
</code></pre></div>
</p>
<h2>概要</h2>
<ul>
<li>(1) : コピーコンストラクタ。</li>
<li>(2) : ムーブコンストラクタ。</li>
<li>(3) : 変換可能な<code>Err</code>オブジェクトからコピー／ムーブ構築する。</li>
<li>(4) : コンストラクタ引数として任意個の引数を受け取って、コンストラクタ内で型<code>E</code>のオブジェクトを生成し、保持する。</li>
<li>(5) : コンストラクタ引数として初期化子リストと任意個の引数を受け取って、コンストラクタ内で型<code>E</code>のオブジェクトを生成し、保持する。</li>
</ul>
<h2><a class="cpprefjp-defined-word" data-desc="関数等の意味論を構成する要素の1つ。Constraints。関数であればオーバーロード解決に参加するための条件、それ以外であれば受け付ける型の条件">テンプレートパラメータ制約</a></h2>
<ul>
<li>(3) : 次の制約を全て満たすこと<ul>
<li><code><a href="../../type_traits/is_same.html">is_same_v</a>&lt;<a href="../../type_traits/remove_cvref.html">remove_cvref_t</a>&lt;Err&gt;, unexpected&gt; == false</code></li>
<li><code><a href="../../type_traits/is_same.html">is_same_v</a>&lt;<a href="../../type_traits/remove_cvref.html">remove_cvref_t</a>&lt;Err&gt;, <a href="../../utility/in_place_t.html">in_place_t</a>&gt; == false</code></li>
<li><code><a href="../../type_traits/is_constructible.html">is_constructible_v</a>&lt;E, Err&gt; == true</code></li>
</ul>
</li>
<li>(4) : <code><a href="../../type_traits/is_constructible.html">is_constructible_v</a>&lt;E, Args...&gt; == true</code></li>
<li>(5) : <code><a href="../../type_traits/is_constructible.html">is_constructible_v</a>&lt;E, <a href="../../initializer_list/initializer_list.html">initializer_list</a>&lt;U&gt;&amp;, Args...&gt; == true</code></li>
</ul>
<h2>効果</h2>
<ul>
<li>(3) : <code><a href="../../utility/forward.html">std::forward</a>&lt;Err&gt;(e)</code>でエラー値を<a class="cpprefjp-defined-word" data-desc="direct-non-list-initialization。リスト初期化ではない直接初期化">直接非リスト初期化</a>する。</li>
<li>(4) : <code><a href="../../utility/forward.html">std::forward</a>&lt;Args&gt;(args)...</code>でエラー値を<a class="cpprefjp-defined-word" data-desc="direct-non-list-initialization。リスト初期化ではない直接初期化">直接非リスト初期化</a>する。</li>
<li>(5) : <code>il, <a href="../../utility/forward.html">std::forward</a>&lt;Args&gt;(args)...</code>でエラー値を<a class="cpprefjp-defined-word" data-desc="direct-non-list-initialization。リスト初期化ではない直接初期化">直接非リスト初期化</a>する。</li>
</ul>
<h2><a class="cpprefjp-defined-word" data-desc="問題が発生したときに、現在実行位置を過去に通過・記録した位置に戻し、文脈情報を添えて紐づけられた処理(例外ハンドラー)を呼び出す仕組み。またはその事態">例外</a></h2>
<p>型<code>E</code>の初期化から送出される<a class="cpprefjp-defined-word" data-desc="問題が発生したときに、現在実行位置を過去に通過・記録した位置に戻し、文脈情報を添えて紐づけられた処理(例外ハンドラー)を呼び出す仕組み。またはその事態">例外</a>。</p>
<h2>例</h2>
<p><div class="yata" id="64e8098caeb9f8dfb8c31659f2b1cb28e3528a20"><div class="codehilite"><pre><span></span><code><span class="cp">#include</span> <span class="cpf"><a href="../../cassert.html">&lt;cassert&gt;</a></span><span class="cp"></span>
<span class="cp">#include</span> <span class="cpf"><a href="../../expected.html">&lt;expected&gt;</a></span><span class="cp"></span>
<span class="cp">#include</span> <span class="cpf"><a href="../../memory.html">&lt;memory&gt;</a></span><span class="cp"></span>
<span class="cp">#include</span> <span class="cpf"><a href="../../string.html">&lt;string&gt;</a></span><span class="cp"></span>
<span class="cp">#include</span> <span class="cpf"><a href="../../string_view.html">&lt;string_view&gt;</a></span><span class="cp"></span>
<span class="cp">#include</span> <span class="cpf"><a href="../../tuple.html">&lt;tuple&gt;</a></span><span class="cp"></span>
<span class="cp">#include</span> <span class="cpf"><a href="../../utility.html">&lt;utility&gt;</a></span><span class="cp"></span>
<span class="cp">#include</span> <span class="cpf"><a href="../../vector.html">&lt;vector&gt;</a></span><span class="cp"></span>

<span class="c1">// <a href="../../utility/pair.html">std::pair</a>型から2要素<a href="../../tuple/tuple.html">std::tuple</a>型へはコピー変換可能</span>
<span class="k">using</span> <span class="n">IntPair</span>  <span class="o">=</span> <span class="n"><a href="../../utility/pair.html">std::pair</a></span><span class="o">&lt;</span><span class="kt">int</span><span class="p">,</span> <span class="kt">int</span><span class="o">&gt;</span><span class="p">;</span>
<span class="k">using</span> <span class="n">IntTuple</span> <span class="o">=</span> <span class="n"><a href="../../tuple/tuple.html">std::tuple</a></span><span class="o">&lt;</span><span class="kt">int</span><span class="p">,</span> <span class="kt">int</span><span class="o">&gt;</span><span class="p">;</span>

<span class="c1">// <a href="../../memory/unique_ptr.html">std::unique_ptr</a>型から<a href="../../memory/shared_ptr.html">std::shared_ptr</a>型へはムーブ変換可能</span>
<span class="k">using</span> <span class="n">UniquePtr</span> <span class="o">=</span> <span class="n"><a href="../../memory/unique_ptr.html">std::unique_ptr</a></span><span class="o">&lt;</span><span class="kt">int</span><span class="o">&gt;</span><span class="p">;</span>
<span class="k">using</span> <span class="n">SharedPtr</span> <span class="o">=</span> <span class="n"><a href="../../memory/shared_ptr.html">std::shared_ptr</a></span><span class="o">&lt;</span><span class="kt">int</span><span class="o">&gt;</span><span class="p">;</span>

<span class="c1">// 引数リスト または 初期化子リスト＋引数リスト から構築可能な型</span>
<span class="k">struct</span> <span class="n">ComplexType</span> <span class="p">{</span>
  <span class="n"><a href="../../string/basic_string.html">std::string</a></span> <span class="n">data</span><span class="p">;</span>
  <span class="n"><a href="../../vector/vector.html">std::vector</a></span><span class="o">&lt;</span><span class="kt">int</span><span class="o">&gt;</span> <span class="n">seq</span><span class="p">;</span>

  <span class="n">ComplexType</span><span class="p">(</span><span class="k">const</span> <span class="kt">char</span><span class="o">*</span> <span class="n">ptr</span><span class="p">,</span> <span class="kt">size_t</span> <span class="n">len</span><span class="p">)</span>
    <span class="o">:</span> <span class="n">data</span><span class="p">(</span><span class="n">ptr</span><span class="p">,</span> <span class="n">len</span><span class="p">)</span> <span class="p">{}</span>
  <span class="n">ComplexType</span><span class="p">(</span><span class="n"><a href="../../initializer_list/initializer_list.html">std::initializer_list</a></span><span class="o">&lt;</span><span class="kt">int</span><span class="o">&gt;</span> <span class="n">il</span><span class="p">,</span> <span class="n"><a href="../../string_view/basic_string_view.html">std::string_view</a></span> <span class="n">sv</span><span class="p">)</span>
    <span class="o">:</span> <span class="n">data</span><span class="p">(</span><span class="n">sv</span><span class="p">),</span> <span class="n">seq</span><span class="p">(</span><span class="n">il</span><span class="p">)</span> <span class="p">{}</span> 
<span class="p">};</span>

<span class="kt">int</span> <span class="nf">main</span><span class="p">()</span>
<span class="p">{</span>
  <span class="c1">// (1) コピーコンストラクタ</span>
  <span class="p">{</span>
    <span class="n"><span style="color:#ff0000">std::unexpected</span></span><span class="o">&lt;</span><span class="kt">int</span><span class="o">&gt;</span> <span class="n">src</span><span class="p">{</span><span class="mi">42</span><span class="p">};</span>
    <span class="n"><span style="color:#ff0000">std::unexpected</span></span><span class="o">&lt;</span><span class="kt">int</span><span class="o">&gt;</span> <span class="n">dst</span> <span class="o">=</span> <span class="n">src</span><span class="p">;</span>
    <span class="n"><a href="../../cassert/assert.html">assert</a></span><span class="p">(</span><span class="n">src</span><span class="p">.</span><span class="n"><a href="error.html">error</a></span><span class="p">()</span> <span class="o">==</span> <span class="mi">42</span> <span class="o">&amp;&amp;</span> <span class="n">dst</span><span class="p">.</span><span class="n"><a href="error.html">error</a></span><span class="p">()</span> <span class="o">==</span> <span class="mi">42</span><span class="p">);</span>
  <span class="p">}</span>

  <span class="c1">// (2) ムーブコンストラクタ</span>
  <span class="p">{</span>
    <span class="n"><span style="color:#ff0000">std::unexpected</span></span><span class="o">&lt;</span><span class="n"><a href="../../string/basic_string.html">std::string</a></span><span class="o">&gt;</span> <span class="n">src</span><span class="p">{</span><span class="s">"Oops!"</span><span class="p">};</span>
    <span class="n"><span style="color:#ff0000">std::unexpected</span></span><span class="o">&lt;</span><span class="n"><a href="../../string/basic_string.html">std::string</a></span><span class="o">&gt;</span> <span class="n">dst</span> <span class="o">=</span> <span class="n">std</span><span class="o">::</span><span class="n">move</span><span class="p">(</span><span class="n">src</span><span class="p">);</span>
    <span class="n"><a href="../../cassert/assert.html">assert</a></span><span class="p">(</span><span class="n">dst</span><span class="p">.</span><span class="n"><a href="error.html">error</a></span><span class="p">()</span> <span class="o">==</span> <span class="s">"Oops!"</span><span class="p">);</span>
    <span class="c1">// src.<a href="error.html">error</a>()は<a href="../../string/basic_string.html">std::string</a>ムーブ後の未規定の値</span>
  <span class="p">}</span>

  <span class="c1">// (3) 変換コピー構築</span>
  <span class="p">{</span>
    <span class="n">IntPair</span> <span class="n">src</span> <span class="o">=</span> <span class="p">{</span><span class="mi">1</span><span class="p">,</span> <span class="mi">2</span><span class="p">};</span>
    <span class="n"><span style="color:#ff0000">std::unexpected</span></span><span class="o">&lt;</span><span class="n">IntTuple</span><span class="o">&gt;</span> <span class="n">dst</span><span class="p">{</span><span class="n">src</span><span class="p">};</span>
    <span class="n"><a href="../../cassert/assert.html">assert</a></span><span class="p">((</span><span class="n">dst</span><span class="p">.</span><span class="n"><a href="error.html">error</a></span><span class="p">()</span> <span class="o">==</span> <span class="n">IntTuple</span><span class="p">{</span><span class="mi">1</span><span class="p">,</span> <span class="mi">2</span><span class="p">}));</span>
  <span class="p">}</span>
  <span class="c1">// (3) 変換ムーブ構築</span>
  <span class="p">{</span>
    <span class="n">UniquePtr</span> <span class="n">src</span> <span class="o">=</span> <span class="n"><a href="../../memory/make_unique.html">std::make_unique</a></span><span class="o">&lt;</span><span class="kt">int</span><span class="o">&gt;</span><span class="p">(</span><span class="mi">42</span><span class="p">);</span>
    <span class="n"><span style="color:#ff0000">std::unexpected</span></span><span class="o">&lt;</span><span class="n">SharedPtr</span><span class="o">&gt;</span> <span class="n">dst</span><span class="p">{</span><span class="n">std</span><span class="o">::</span><span class="n">move</span><span class="p">(</span><span class="n">src</span><span class="p">)};</span>
    <span class="n"><a href="../../cassert/assert.html">assert</a></span><span class="p">(</span><span class="o">*</span><span class="n">dst</span><span class="p">.</span><span class="n"><a href="error.html">error</a></span><span class="p">()</span> <span class="o">==</span> <span class="mi">42</span><span class="p">);</span>
    <span class="n"><a href="../../cassert/assert.html">assert</a></span><span class="p">(</span><span class="n">src</span> <span class="o">==</span> <span class="k">nullptr</span><span class="p">);</span>
    <span class="c1">// ムーブ後の<a href="../../memory/unique_ptr.html">std::unique_ptr</a>型はnullptrが保証される</span>
  <span class="p">}</span>

  <span class="c1">// (4),(5) 引数リストから直接構築</span>
  <span class="p">{</span>
    <span class="n"><span style="color:#ff0000">std::unexpected</span></span><span class="o">&lt;</span><span class="n">ComplexType</span><span class="o">&gt;</span> <span class="n">x1</span><span class="p">{</span><span class="n"><a href="../../utility/in_place_t.html">std::in_place</a></span><span class="p">,</span> <span class="s">"C++"</span><span class="p">,</span> <span class="mi">1</span><span class="p">};</span>
    <span class="n"><a href="../../cassert/assert.html">assert</a></span><span class="p">(</span><span class="n">x1</span><span class="p">.</span><span class="n"><a href="error.html">error</a></span><span class="p">().</span><span class="n">data</span> <span class="o">==</span> <span class="s">"C"</span><span class="p">);</span>
    <span class="c1">// "C++"より長さ1の文字列が構築されている</span>

    <span class="n"><span style="color:#ff0000">std::unexpected</span></span><span class="o">&lt;</span><span class="n">ComplexType</span><span class="o">&gt;</span> <span class="n">x2</span><span class="p">{</span><span class="n"><a href="../../utility/in_place_t.html">std::in_place</a></span><span class="p">,</span> <span class="p">{</span><span class="mi">98</span><span class="p">,</span> <span class="mi">11</span><span class="p">,</span> <span class="mi">23</span><span class="p">},</span> <span class="s">"C++"</span><span class="p">};</span>
    <span class="n"><a href="../../cassert/assert.html">assert</a></span><span class="p">(</span><span class="n">x2</span><span class="p">.</span><span class="n"><a href="error.html">error</a></span><span class="p">().</span><span class="n">data</span> <span class="o">==</span> <span class="s">"C++"</span><span class="p">);</span>
    <span class="n"><a href="../../cassert/assert.html">assert</a></span><span class="p">((</span><span class="n">x2</span><span class="p">.</span><span class="n"><a href="error.html">error</a></span><span class="p">().</span><span class="n">seq</span> <span class="o">==</span> <span class="n"><a href="../../vector/vector.html">std::vector</a></span><span class="o">&lt;</span><span class="kt">int</span><span class="o">&gt;</span><span class="p">{</span><span class="mi">98</span><span class="p">,</span> <span class="mi">11</span><span class="p">,</span> <span class="mi">23</span><span class="p">}));</span>
  <span class="p">}</span>
<span class="p">}</span>
</code></pre></div>
</div></p>
<h3>出力</h3>
<p><pre><code></code></pre></p>
<h2>バージョン</h2>
<h3>言語</h3>
<ul>
<li>C++23</li>
</ul>
<h3>処理系</h3>
<ul>
<li><a href="../../../implementation.html#clang">Clang</a>: 16.0 <span aria-label="検証済" role="img" title="検証済">✅</span></li>
<li><a href="../../../implementation.html#gcc">GCC</a>: 12.1 <span aria-label="検証済" role="img" title="検証済">✅</span></li>
<li><a href="../../../implementation.html#icc">ICC</a>: ??</li>
<li><a href="../../../implementation.html#visual_cpp">Visual C++</a>: ??</li>
</ul>
<h2>参照</h2>
<ul>
<li><a href="https://www.open-std.org/jtc1/sc22/wg21/docs/papers/2022/p0323r12.html" target="_blank">P0323R12 std::expected</a></li>
</ul></div>

      </div>
    </div>
  </div>
  
  
    <div id="sidebar" class="col-sm-3 col-sm-pull-9">
    </div>
  

</div>
            </div>
        </main>
<footer class="footer navbar navbar-default">
  <div class="container-fluid">
    <p><small>
      本サイトの情報は、
        <a href="https://creativecommons.org/licenses/by/3.0/deed.ja" rel="nofollow">クリエイティブ・コモンズ 表示 3.0 非移植 ライセンス(CC BY)</a>
      の下に提供されています。
    </small></p>
  </div>
</footer>
    </body>
</html>