<!doctype html>
<html class="cpprefjp" lang="ja" itemscope="" itemtype="http://schema.org/WebPage">
    <head>
        
  
<!-- Google tag (gtag.js) -->
<script async src="https://www.googletagmanager.com/gtag/js?id=G-NXNBNVBTJS"></script>
<script>
  window.dataLayer = window.dataLayer || [];
  function gtag(){dataLayer.push(arguments);}
  gtag('js', new Date());

  gtag('config', 'G-NXNBNVBTJS');
</script>


        <meta charset="UTF-8">

        <title>unexpect_t - cpprefjp C++日本語リファレンス</title>

        <meta name="viewport" content="width=device-width,initial-scale=1">
        <meta name="keywords" content="
  C++,標準ライブラリ,リファレンス,ドキュメント,STL,std,expected,class,std,cpp23
">
        <meta name="title" content="unexpect_t - cpprefjp C++日本語リファレンス" />
        <meta itemprop="name" content="unexpect_t - cpprefjp C++日本語リファレンス" />
        <meta property="og:title" content="unexpect_t - cpprefjp C++日本語リファレンス" />
        <meta property="og:url" content="https://cpprefjp.github.io/reference/expected/unexpect_t.html" />
        <meta property="og:site_name" content="cpprefjp - C++日本語リファレンス" />
        <meta property="og:type" content="article" />
        <meta property="og:description" content="`unexpected_t`は、[`expected`コンストラクタ](expected/op_constructor.md)において、エラー値型のコンストラクタ引数を受け取って構築するためのタグ型である。" />
        <meta name="twitter:card" content="summary" />
        <meta name="twitter:title" content="unexpect_t - cpprefjp C++日本語リファレンス" />
        <meta name="twitter:url" content="https://cpprefjp.github.io/reference/expected/unexpect_t.html" />
        <meta name="twitter:description" content="`unexpected_t`は、[`expected`コンストラクタ](expected/op_constructor.md)において、エラー値型のコンストラクタ引数を受け取って構築するためのタグ型である。" />

        
  <link rel="alternate" type="application/atom+xml" title="Atom" href="https://cpprefjp.github.io/rss.xml" />


<link rel="apple-touch-icon" sizes="180x180" href="../../static/favicons/apple-touch-icon.png?cachebust=8057d990dd61d47f1f176cd500c679183b81aeaa">
<link rel="icon" type="image/png" sizes="32x32" href="../../static/favicons/favicon-32x32.png?cachebust=8057d990dd61d47f1f176cd500c679183b81aeaa">
<link rel="icon" type="image/png" sizes="16x16" href="../../static/favicons/favicon-16x16.png?cachebust=8057d990dd61d47f1f176cd500c679183b81aeaa">
<link rel="manifest" href="../../manifest.json?cachebust=8057d990dd61d47f1f176cd500c679183b81aeaa">
<meta name="theme-color" content="#f5f8fc">

<link rel="stylesheet" href="../../static/pygments/default.css?cachebust=8057d990dd61d47f1f176cd500c679183b81aeaa">
<!-- <link rel="stylesheet" href="../../static/css/root.css"> -->

        
  


<link href="../../static/kunai/css/kunai-stage-0.css?cachebust=8057d990dd61d47f1f176cd500c679183b81aeaa" rel="stylesheet">
<link href="../../static/kunai/css/kunai-stage-1.css?cachebust=8057d990dd61d47f1f176cd500c679183b81aeaa" rel="stylesheet">
<link href="../../static/kunai/css/kunai-stage-2.css?cachebust=8057d990dd61d47f1f176cd500c679183b81aeaa" rel="stylesheet">
<link href="../../static/kunai/css/kunai-stage-3.css?cachebust=8057d990dd61d47f1f176cd500c679183b81aeaa" rel="stylesheet">

<script type="text/javascript" src="../../static/kunai/js/kunai-vendor.js?cachebust=8057d990dd61d47f1f176cd500c679183b81aeaa"></script>
<script type="text/javascript" src="../../static/kunai/js/kunai.js?cachebust=8057d990dd61d47f1f176cd500c679183b81aeaa"></script>

<script type="text/javascript">
  document.addEventListener('DOMContentLoaded', function() {
    var kn = new Kunai;
    kn.cpprefjp();
  });
</script>

    </head>
    <body>
<header data-kunai-mdinfo="{&#34;meta&#34;: {&#34;header&#34;: [&#34;expected&#34;], &#34;id-type&#34;: [&#34;class&#34;], &#34;namespace&#34;: [&#34;std&#34;], &#34;cpp&#34;: [&#34;cpp23&#34;]}, &#34;sources&#34;: [{&#34;id&#34;: &#34;3fbd46a10cfb0bf91048408b44ccc9e3c4d36e4c&#34;, &#34;source&#34;: &#34;#include &lt;cassert&gt;\n#include &lt;expected&gt;\n#include &lt;system_error&gt;\n\nint main()\n{\n  std::expected&lt;int, std::error_code&gt; x{std::unexpect, ETIMEDOUT, std::system_category()};\n  assert(not x.has_value());\n  assert(x.error().value() == ETIMEDOUT);\n  assert(x.error().category() == std::system_category());\n}\n&#34;}], &#34;page_id&#34;: [&#34;reference&#34;, &#34;expected&#34;, &#34;unexpect_t&#34;]}">
  <nav class="navbar navbar-default" role="navigation">
    <div class="container-fluid">
      <div class="navbar-header">
        <button type="button" class="navbar-toggle collapsed" data-toggle="collapse" data-target="#navbar-collapse">
          <span class="sr-only">Toggle navigation</span>
          <span class="icon-bar"></span>
          <span class="icon-bar"></span>
          <span class="icon-bar"></span>
        </button>
        <a class="navbar-brand" href="../../index.html">
          <div class="title-wrapper clearfix">
            <div class="title">cpprefjp - C++日本語リファレンス</div>
          </div>
        </a>
      </div>

      <div class="collapse navbar-collapse" id="navbar-collapse">
        <ul class="nav navbar-nav navbar-right">
          <li>
            <div class="google-search">
              
  
<script>
  (function() {
    var cx = '013316413321391058734:ji_u66hl7hq';
    var gcse = document.createElement('script');
    gcse.type = 'text/javascript';
    gcse.async = true;
    gcse.src = (document.location.protocol == 'https:' ? 'https:' : 'http:') +
        '//www.google.com/cse/cse.js?cx=' + cx;
    var s = document.getElementsByTagName('script')[0];
    s.parentNode.insertBefore(gcse, s);
  })();
</script>
<div class="gcse-search"></div>


            </div>
          </li>
          <li>
  <a href="https://github.com/cpprefjp/site">GitHub Project</a>
</li>
        </ul>
      </div>
    </div>
  </nav>
</header>

        <main id="main" role="main">
            <div class="container-fluid">
<div class="row">
  <div class="col-sm-9 col-sm-push-3" itemscope itemtype="http://schema.org/Article">
    <div class="row">
      <div class="col-sm-12 google-search-result">
        <gcse:searchresults></gcse:searchresults>
      </div>
    </div>
    <div class="row">
      <div class="col-sm-12 content-header">
        
  <ol class="breadcrumb">
    
      <li  itemscope itemtype="http://www.schema.org/SiteNavigationElement">
        <span>
          
            <a href="../../index.html" itemprop="url">
              
                <i class="fa fa-fw fa-home"></i>
              
            </a>
          
        </span>
      </li>
    
      <li  itemscope itemtype="http://www.schema.org/SiteNavigationElement">
        <span>
          
            <a href="../../reference.html" itemprop="url">
              
                <span itemprop="name">リファレンス</span>
              
            </a>
          
        </span>
      </li>
    
      <li  itemscope itemtype="http://www.schema.org/SiteNavigationElement">
        <span>
          
            <a href="../../reference/expected.html" itemprop="url">
              
                <span itemprop="name">expected</span>
              
            </a>
          
        </span>
      </li>
    
      <li class="active" itemscope itemtype="http://www.schema.org/SiteNavigationElement">
        <span>
          
            
              <span itemprop="name">unexpect_t</span>
            
          
        </span>
      </li>
    
  </ol>
  <div class="crsearch"></div>

      </div>
    </div>
    <div class="row">
      <div class="col-sm-12 edit-button">
        
  
    <p class="text-right"><small>
      最終更新日時(UTC):
      <span itemprop="datePublished" content="2024-06-11T13:45:38">
        2024年06月11日 13時45分38秒
      </span>
      <br/>
      <span itemprop="author" itemscope itemtype="http://schema.org/Person">
        <span itemprop="name">Akira Takahashi</span>
      </span>
      が更新
    </small></p>
  

        <p class="text-right">
          <a class="history" target="_blank" href="https://github.com/cpprefjp/site/commits/master/reference/expected/unexpect_t.md">
            <span class="fa fa-fw fa-clock-o fa-flip-horizontal"></span>履歴
          </a>
          <a class="edit" target="_blank" href="https://github.com/cpprefjp/site/edit/master/reference/expected/unexpect_t.md">
            <span class="fa fa-fw fa-pencil"></span>編集
          </a>
        </p>
      </div>
    </div>
    <div class="row">
      <div class="col-sm-12 content-body">
        
  <div class="identifier-type">class</div><div class="header">&lt;expected&gt;</div><h1 itemprop="name"><span class="namespace" title="namespace std">std::</span><span class="token">unexpect_t</span><span class="cpp cpp23" title="C++23で追加">(C++23)</span></h1>
<div itemprop="articleBody"><p><div class="codehilite"><pre><span></span><code><span class="k">namespace</span> <span class="n">std</span> <span class="p">{</span>
  <span class="k">struct</span> <span class="n">unexpect_t</span> <span class="p">{</span>
    <span class="k">explicit</span> <span class="n">unexpect_t</span><span class="p">()</span> <span class="o">=</span> <span class="k">default</span><span class="p">;</span>
  <span class="p">};</span>

  <span class="kr">inline</span> <span class="k">constexpr</span> <span class="n">unexpect_t</span> <span class="n">unexpect</span><span class="p">{};</span>
<span class="p">}</span>
</code></pre></div>
</p>
<h2>概要</h2>
<p><code>unexpected_t</code>は、<a href="expected/op_constructor.html"><code>expected</code>コンストラクタ</a>において、エラー値型のコンストラクタ引数を受け取って構築するためのタグ型である。</p>
<p><code>unexpected_t</code>型の定数<code>unexpect</code>が提供される。</p>
<h2>例</h2>
<p><div class="yata" id="3fbd46a10cfb0bf91048408b44ccc9e3c4d36e4c"><div class="codehilite"><pre><span></span><code><span class="cp">#include</span> <span class="cpf"><a href="../cassert.html">&lt;cassert&gt;</a></span><span class="cp"></span>
<span class="cp">#include</span> <span class="cpf"><a href="../expected.html">&lt;expected&gt;</a></span><span class="cp"></span>
<span class="cp">#include</span> <span class="cpf"><a href="../system_error.html">&lt;system_error&gt;</a></span><span class="cp"></span>

<span class="kt">int</span> <span class="nf">main</span><span class="p">()</span>
<span class="p">{</span>
  <span class="n"><a href="expected.html">std::expected</a></span><span class="o">&lt;</span><span class="kt">int</span><span class="p">,</span> <span class="n"><a href="../system_error/error_code.html">std::error_code</a></span><span class="o">&gt;</span> <span class="n">x</span><span class="p">{</span><span class="n"><span style="color:#ff0000">std::unexpect</span></span><span class="p">,</span> <span class="n"><a href="../system_error/errc.html">ETIMEDOUT</a></span><span class="p">,</span> <span class="n">std</span><span class="o">::</span><span class="n">system_category</span><span class="p">()};</span>
  <span class="n"><a href="../cassert/assert.html">assert</a></span><span class="p">(</span><span class="n">not</span> <span class="n">x</span><span class="p">.</span><span class="n">has_value</span><span class="p">());</span>
  <span class="n"><a href="../cassert/assert.html">assert</a></span><span class="p">(</span><span class="n">x</span><span class="p">.</span><span class="n">error</span><span class="p">().</span><span class="n">value</span><span class="p">()</span> <span class="o">==</span> <span class="n"><a href="../system_error/errc.html">ETIMEDOUT</a></span><span class="p">);</span>
  <span class="n"><a href="../cassert/assert.html">assert</a></span><span class="p">(</span><span class="n">x</span><span class="p">.</span><span class="n">error</span><span class="p">().</span><span class="n">category</span><span class="p">()</span> <span class="o">==</span> <span class="n">std</span><span class="o">::</span><span class="n">system_category</span><span class="p">());</span>
<span class="p">}</span>
</code></pre></div>
</div></p>
<h3>出力</h3>
<p><pre><code></code></pre></p>
<h2>バージョン</h2>
<h3>言語</h3>
<ul>
<li>C++23</li>
</ul>
<h3>処理系</h3>
<ul>
<li><a href="../../implementation.html#clang">Clang</a>: 16.0 <span aria-label="検証済" role="img" title="検証済">✅</span></li>
<li><a href="../../implementation.html#gcc">GCC</a>: 12.1 <span aria-label="検証済" role="img" title="検証済">✅</span></li>
<li><a href="../../implementation.html#icc">ICC</a>: ??</li>
<li><a href="../../implementation.html#visual_cpp">Visual C++</a>: ??</li>
</ul>
<h2>関連項目</h2>
<ul>
<li><code><a href="expected.html">expected</a></code></li>
</ul>
<h2>参照</h2>
<ul>
<li><a href="https://www.open-std.org/jtc1/sc22/wg21/docs/papers/2022/p0323r12.html" target="_blank">P0323R12 std::expected</a></li>
</ul></div>

      </div>
    </div>
  </div>
  
  
    <div id="sidebar" class="col-sm-3 col-sm-pull-9">
    </div>
  

</div>
            </div>
        </main>
<footer class="footer navbar navbar-default">
  <div class="container-fluid">
    <p><small>
      本サイトの情報は、
        <a href="https://creativecommons.org/licenses/by/3.0/deed.ja" rel="nofollow">クリエイティブ・コモンズ 表示 3.0 非移植 ライセンス(CC BY)</a>
      の下に提供されています。
    </small></p>
  </div>
</footer>
    </body>
</html>