<!doctype html>
<html class="cpprefjp" lang="ja" itemscope="" itemtype="http://schema.org/WebPage">
    <head>
        
  
<!-- Google tag (gtag.js) -->
<script async src="https://www.googletagmanager.com/gtag/js?id=G-NXNBNVBTJS"></script>
<script>
  window.dataLayer = window.dataLayer || [];
  function gtag(){dataLayer.push(arguments);}
  gtag('js', new Date());

  gtag('config', 'G-NXNBNVBTJS');
</script>


        <meta charset="UTF-8">

        <title>expected::and_then - cpprefjp C++日本語リファレンス</title>

        <meta name="viewport" content="width=device-width,initial-scale=1">
        <meta name="keywords" content="
  C++,標準ライブラリ,リファレンス,ドキュメント,STL,std,expected,function template,std,expected,cpp23
">
        <meta name="title" content="expected::and_then - cpprefjp C++日本語リファレンス" />
        <meta itemprop="name" content="expected::and_then - cpprefjp C++日本語リファレンス" />
        <meta property="og:title" content="expected::and_then - cpprefjp C++日本語リファレンス" />
        <meta property="og:url" content="https://cpprefjp.github.io/reference/expected/expected/and_then.html" />
        <meta property="og:site_name" content="cpprefjp - C++日本語リファレンス" />
        <meta property="og:type" content="article" />
        <meta property="og:description" content="正常値を保持していれば、正常値に対して`f`を適用した結果を`expected`として返す。" />
        <meta name="twitter:card" content="summary" />
        <meta name="twitter:title" content="expected::and_then - cpprefjp C++日本語リファレンス" />
        <meta name="twitter:url" content="https://cpprefjp.github.io/reference/expected/expected/and_then.html" />
        <meta name="twitter:description" content="正常値を保持していれば、正常値に対して`f`を適用した結果を`expected`として返す。" />

        
  <link rel="alternate" type="application/atom+xml" title="Atom" href="https://cpprefjp.github.io/rss.xml" />


<link rel="apple-touch-icon" sizes="180x180" href="../../../static/favicons/apple-touch-icon.png?cachebust=8057d990dd61d47f1f176cd500c679183b81aeaa">
<link rel="icon" type="image/png" sizes="32x32" href="../../../static/favicons/favicon-32x32.png?cachebust=8057d990dd61d47f1f176cd500c679183b81aeaa">
<link rel="icon" type="image/png" sizes="16x16" href="../../../static/favicons/favicon-16x16.png?cachebust=8057d990dd61d47f1f176cd500c679183b81aeaa">
<link rel="manifest" href="../../../manifest.json?cachebust=8057d990dd61d47f1f176cd500c679183b81aeaa">
<meta name="theme-color" content="#f5f8fc">

<link rel="stylesheet" href="../../../static/pygments/default.css?cachebust=8057d990dd61d47f1f176cd500c679183b81aeaa">
<!-- <link rel="stylesheet" href="../../../static/css/root.css"> -->

        
  


<link href="../../../static/kunai/css/kunai-stage-0.css?cachebust=8057d990dd61d47f1f176cd500c679183b81aeaa" rel="stylesheet">
<link href="../../../static/kunai/css/kunai-stage-1.css?cachebust=8057d990dd61d47f1f176cd500c679183b81aeaa" rel="stylesheet">
<link href="../../../static/kunai/css/kunai-stage-2.css?cachebust=8057d990dd61d47f1f176cd500c679183b81aeaa" rel="stylesheet">
<link href="../../../static/kunai/css/kunai-stage-3.css?cachebust=8057d990dd61d47f1f176cd500c679183b81aeaa" rel="stylesheet">

<script type="text/javascript" src="../../../static/kunai/js/kunai-vendor.js?cachebust=8057d990dd61d47f1f176cd500c679183b81aeaa"></script>
<script type="text/javascript" src="../../../static/kunai/js/kunai.js?cachebust=8057d990dd61d47f1f176cd500c679183b81aeaa"></script>

<script type="text/javascript">
  document.addEventListener('DOMContentLoaded', function() {
    var kn = new Kunai;
    kn.cpprefjp();
  });
</script>

    </head>
    <body>
<header data-kunai-mdinfo="{&#34;meta&#34;: {&#34;header&#34;: [&#34;expected&#34;], &#34;id-type&#34;: [&#34;function template&#34;], &#34;namespace&#34;: [&#34;std&#34;], &#34;class&#34;: [&#34;expected&#34;], &#34;cpp&#34;: [&#34;cpp23&#34;]}, &#34;sources&#34;: [{&#34;id&#34;: &#34;d9e07f949837af24699810048e950316ecf0069e&#34;, &#34;source&#34;: &#34;#include &lt;cassert&gt;\n#include &lt;expected&gt;\n#include &lt;string&gt;\n\n// \u6b63\u6570\u306a\u30892\u500d\uff0f\u305d\u308c\u4ee5\u5916\u306f\u30a8\u30e9\u30fc\u5024\u3092\u8fd4\u3059\u95a2\u6570\nstd::expected&lt;int, std::string&gt; twice(int n)\n{\n  if (0 &lt; n) {\n    return n * 2;\n  } else {\n    return std::unexpected{\&#34;out of domain\&#34;};\n  }\n}\n\nint main()\n{\n  std::expected&lt;int, std::string&gt; v1 = 1;\n  assert(v1.and_then(twice).value() == 2);\n\n  std::expected&lt;int, std::string&gt; v2 = 0;\n  assert(v2.and_then(twice).error() == \&#34;out of domain\&#34;);\n\n  std::expected&lt;int, std::string&gt; e1 = std::unexpected{\&#34;NaN\&#34;};\n  assert(e1.and_then(twice).error() == \&#34;NaN\&#34;);\n}\n&#34;}], &#34;page_id&#34;: [&#34;reference&#34;, &#34;expected&#34;, &#34;expected&#34;, &#34;and_then&#34;]}">
  <nav class="navbar navbar-default" role="navigation">
    <div class="container-fluid">
      <div class="navbar-header">
        <button type="button" class="navbar-toggle collapsed" data-toggle="collapse" data-target="#navbar-collapse">
          <span class="sr-only">Toggle navigation</span>
          <span class="icon-bar"></span>
          <span class="icon-bar"></span>
          <span class="icon-bar"></span>
        </button>
        <a class="navbar-brand" href="../../../index.html">
          <div class="title-wrapper clearfix">
            <div class="title">cpprefjp - C++日本語リファレンス</div>
          </div>
        </a>
      </div>

      <div class="collapse navbar-collapse" id="navbar-collapse">
        <ul class="nav navbar-nav navbar-right">
          <li>
            <div class="google-search">
              
  
<script>
  (function() {
    var cx = '013316413321391058734:ji_u66hl7hq';
    var gcse = document.createElement('script');
    gcse.type = 'text/javascript';
    gcse.async = true;
    gcse.src = (document.location.protocol == 'https:' ? 'https:' : 'http:') +
        '//www.google.com/cse/cse.js?cx=' + cx;
    var s = document.getElementsByTagName('script')[0];
    s.parentNode.insertBefore(gcse, s);
  })();
</script>
<div class="gcse-search"></div>


            </div>
          </li>
          <li>
  <a href="https://github.com/cpprefjp/site">GitHub Project</a>
</li>
        </ul>
      </div>
    </div>
  </nav>
</header>

        <main id="main" role="main">
            <div class="container-fluid">
<div class="row">
  <div class="col-sm-9 col-sm-push-3" itemscope itemtype="http://schema.org/Article">
    <div class="row">
      <div class="col-sm-12 google-search-result">
        <gcse:searchresults></gcse:searchresults>
      </div>
    </div>
    <div class="row">
      <div class="col-sm-12 content-header">
        
  <ol class="breadcrumb">
    
      <li  itemscope itemtype="http://www.schema.org/SiteNavigationElement">
        <span>
          
            <a href="../../../index.html" itemprop="url">
              
                <i class="fa fa-fw fa-home"></i>
              
            </a>
          
        </span>
      </li>
    
      <li  itemscope itemtype="http://www.schema.org/SiteNavigationElement">
        <span>
          
            <a href="../../../reference.html" itemprop="url">
              
                <span itemprop="name">リファレンス</span>
              
            </a>
          
        </span>
      </li>
    
      <li  itemscope itemtype="http://www.schema.org/SiteNavigationElement">
        <span>
          
            <a href="../../../reference/expected.html" itemprop="url">
              
                <span itemprop="name">expected</span>
              
            </a>
          
        </span>
      </li>
    
      <li  itemscope itemtype="http://www.schema.org/SiteNavigationElement">
        <span>
          
            <a href="../../../reference/expected/expected.html" itemprop="url">
              
                <span itemprop="name">expected</span>
              
            </a>
          
        </span>
      </li>
    
      <li class="active" itemscope itemtype="http://www.schema.org/SiteNavigationElement">
        <span>
          
            
              <span itemprop="name">and_then</span>
            
          
        </span>
      </li>
    
  </ol>
  <div class="crsearch"></div>

      </div>
    </div>
    <div class="row">
      <div class="col-sm-12 edit-button">
        
  
    <p class="text-right"><small>
      最終更新日時(UTC):
      <span itemprop="datePublished" content="2024-06-11T13:45:38">
        2024年06月11日 13時45分38秒
      </span>
      <br/>
      <span itemprop="author" itemscope itemtype="http://schema.org/Person">
        <span itemprop="name">Akira Takahashi</span>
      </span>
      が更新
    </small></p>
  

        <p class="text-right">
          <a class="history" target="_blank" href="https://github.com/cpprefjp/site/commits/master/reference/expected/expected/and_then.md">
            <span class="fa fa-fw fa-clock-o fa-flip-horizontal"></span>履歴
          </a>
          <a class="edit" target="_blank" href="https://github.com/cpprefjp/site/edit/master/reference/expected/expected/and_then.md">
            <span class="fa fa-fw fa-pencil"></span>編集
          </a>
        </p>
      </div>
    </div>
    <div class="row">
      <div class="col-sm-12 content-body">
        
  <div class="identifier-type">function template</div><div class="header">&lt;expected&gt;</div><h1 itemprop="name"><span class="namespace" title="namespace std">std::</span><span class="class" title="class expected">expected::</span><span class="token">and_then</span><span class="cpp cpp23" title="C++23で追加">(C++23)</span></h1>
<div itemprop="articleBody"><p><div class="codehilite"><pre><span></span><code><span class="k">template</span><span class="o">&lt;</span><span class="k">class</span> <span class="nc">F</span><span class="o">&gt;</span> <span class="k">constexpr</span> <span class="k">auto</span> <span class="n">and_then</span><span class="p">(</span><span class="n">F</span><span class="o">&amp;&amp;</span> <span class="n">f</span><span class="p">)</span> <span class="o">&amp;</span><span class="p">;</span>        <span class="c1">// (1)</span>
<span class="k">template</span><span class="o">&lt;</span><span class="k">class</span> <span class="nc">F</span><span class="o">&gt;</span> <span class="k">constexpr</span> <span class="k">auto</span> <span class="n">and_then</span><span class="p">(</span><span class="n">F</span><span class="o">&amp;&amp;</span> <span class="n">f</span><span class="p">)</span> <span class="k">const</span> <span class="o">&amp;</span><span class="p">;</span>  <span class="c1">// (2)</span>
<span class="k">template</span><span class="o">&lt;</span><span class="k">class</span> <span class="nc">F</span><span class="o">&gt;</span> <span class="k">constexpr</span> <span class="k">auto</span> <span class="n">and_then</span><span class="p">(</span><span class="n">F</span><span class="o">&amp;&amp;</span> <span class="n">f</span><span class="p">)</span> <span class="o">&amp;&amp;</span><span class="p">;</span>       <span class="c1">// (3)</span>
<span class="k">template</span><span class="o">&lt;</span><span class="k">class</span> <span class="nc">F</span><span class="o">&gt;</span> <span class="k">constexpr</span> <span class="k">auto</span> <span class="n">and_then</span><span class="p">(</span><span class="n">F</span><span class="o">&amp;&amp;</span> <span class="n">f</span><span class="p">)</span> <span class="k">const</span> <span class="o">&amp;&amp;</span><span class="p">;</span> <span class="c1">// (4)</span>
</code></pre></div>
</p>
<h2>概要</h2>
<p>正常値を保持していれば、正常値に対して<code>f</code>を適用した結果を<code>expected</code>として返す。
エラー値を保持していれば、そのまま返す。</p>
<p>実際には複数<a class="cpprefjp-defined-word" data-desc="同名の関数を異なる引数・テンプレート・制約などで複数定義すること。または同名の関数の集合">オーバーロード</a>が提供されるが、大まかには下記シグニチャのようにみなせる。
<code>and_then</code>へは、引数リストに1個の<code>T</code>型をとり<code>std::expected&lt;Return, E&gt;</code>型を返す関数や関数オブジェクトを与える。</p>
<p><div class="codehilite"><pre><span></span><code><span class="k">template</span> <span class="o">&lt;</span><span class="k">class</span> <span class="nc">T</span><span class="p">,</span> <span class="k">class</span> <span class="nc">E</span><span class="o">&gt;</span>
<span class="k">class</span> <span class="nc">expected</span> <span class="p">{</span>
  <span class="k">template</span> <span class="o">&lt;</span><span class="k">class</span> <span class="nc">Return</span><span class="o">&gt;</span>
  <span class="n"><a href="../expected.html">std::expected</a></span><span class="o">&lt;</span><span class="n">Return</span><span class="p">,</span> <span class="n">E</span><span class="o">&gt;</span> <span class="n">and_then</span><span class="p">(</span><span class="n"><a href="../../functional/function.html">function</a></span><span class="o">&lt;</span><span class="n"><a href="../expected.html">std::expected</a></span><span class="o">&lt;</span><span class="n">Return</span><span class="p">,</span> <span class="n">E</span><span class="o">&gt;</span><span class="p">(</span><span class="n">T</span><span class="p">)</span><span class="o">&gt;</span> <span class="n">func</span><span class="p">);</span>
<span class="p">};</span>
</code></pre></div>
</p>
<h2><a class="cpprefjp-defined-word" data-desc="関数等の意味論を構成する要素の1つ。Constraints。関数であればオーバーロード解決に参加するための条件、それ以外であれば受け付ける型の条件">テンプレートパラメータ制約</a></h2>
<ul>
<li>(1), (2) : <code><a href="../../type_traits/is_copy_constructible.html">is_copy_constructible_v</a>&lt;E&gt; == true</code></li>
<li>(3), (4) : <code><a href="../../type_traits/is_move_constructible.html">is_move_constructible_v</a>&lt;E&gt; == true</code></li>
</ul>
<h2><a class="cpprefjp-defined-word" data-desc="関数等の意味論を構成する要素の1つ。Mandates。満たさなければプログラムが不適格となる要件。この要件は、オーバーロード解決によって選択された関数内での`static_assert`の定数条件式や、関数に対するdelete宣言などで表現できる">適格要件</a></h2>
<ul>
<li>(1), (2) : 型<code>U</code>を<code><a href="../../type_traits/remove_cvref.html">remove_cvref_t</a>&lt;<a href="../../type_traits/invoke_result.html">invoke_result_t</a>&lt;F, decltype(<a href="value.html">value()</a>)&gt;&gt;</code>としたとき、次を全て満たすこと<ul>
<li><code>U</code>が<code>expected</code>の特殊化である</li>
<li><code><a href="../../type_traits/is_same.html">is_same_v</a>&lt;U::error_type, E&gt; == true</code></li>
</ul>
</li>
<li>(3), (4) : 型<code>U</code>を<code><a href="../../type_traits/remove_cvref.html">remove_cvref_t</a>&lt;<a href="../../type_traits/invoke_result.html">invoke_result_t</a>&lt;F, decltype(<a href="../../utility/move.html">std::move</a>(<a href="value.html">value()</a>))&gt;&gt;</code>としたとき、次を全て満たすこと<ul>
<li><code>U</code>が<code>expected</code>の特殊化である</li>
<li><code><a href="../../type_traits/is_same.html">is_same_v</a>&lt;U::error_type, E&gt; == true</code></li>
</ul>
</li>
</ul>
<h2>効果</h2>
<ul>
<li>
<p>(1), (2) : 次の処理と等価
  <br />
<div class="codehilite"><pre><span></span><code><span class="k">if</span> <span class="p">(</span><span class="n"><a href="has_value.html">has_value</a></span><span class="p">())</span>
  <span class="k">return</span> <span class="n"><a href="../../functional/invoke.html">invoke</a></span><span class="p">(</span><span class="n"><a href="../../utility/forward.html">std::forward</a></span><span class="o">&lt;</span><span class="n">F</span><span class="o">&gt;</span><span class="p">(</span><span class="n">f</span><span class="p">),</span> <span class="n"><a href="value.html">value()</a></span><span class="p">);</span>
<span class="k">else</span>
  <span class="k">return</span> <span class="nf">U</span><span class="p">(</span><span class="n"><a href="../unexpect_t.html">unexpect</a></span><span class="p">,</span> <span class="n"><a href="error.html">error()</a></span><span class="p">);</span>
</code></pre></div>
</p>
</li>
<li>
<p>(3), (4) : 次の処理と等価
  <br />
<div class="codehilite"><pre><span></span><code><span class="k">if</span> <span class="p">(</span><span class="n"><a href="has_value.html">has_value</a></span><span class="p">())</span>
  <span class="k">return</span> <span class="n"><a href="../../functional/invoke.html">invoke</a></span><span class="p">(</span><span class="n"><a href="../../utility/forward.html">std::forward</a></span><span class="o">&lt;</span><span class="n">F</span><span class="o">&gt;</span><span class="p">(</span><span class="n">f</span><span class="p">),</span> <span class="n"><a href="../../utility/move.html">std::move</a></span><span class="p">(</span><span class="n"><a href="value.html">value()</a></span><span class="p">));</span>
<span class="k">else</span>
  <span class="k">return</span> <span class="nf">U</span><span class="p">(</span><span class="n"><a href="../unexpect_t.html">unexpect</a></span><span class="p">,</span> <span class="n"><a href="../../utility/move.html">std::move</a></span><span class="p">(</span><span class="n"><a href="error.html">error()</a></span><span class="p">));</span>
</code></pre></div>
</p>
</li>
</ul>
<h2>備考</h2>
<p><code>and_then</code>は、メソッドチェーンをサポートするモナド風(monadic)操作として導入された。</p>
<h2>例</h2>
<p><div class="yata" id="d9e07f949837af24699810048e950316ecf0069e"><div class="codehilite"><pre><span></span><code><span class="cp">#include</span> <span class="cpf"><a href="../../cassert.html">&lt;cassert&gt;</a></span><span class="cp"></span>
<span class="cp">#include</span> <span class="cpf"><a href="../../expected.html">&lt;expected&gt;</a></span><span class="cp"></span>
<span class="cp">#include</span> <span class="cpf"><a href="../../string.html">&lt;string&gt;</a></span><span class="cp"></span>

<span class="c1">// 正数なら2倍／それ以外はエラー値を返す関数</span>
<span class="n"><a href="../expected.html">std::expected</a></span><span class="o">&lt;</span><span class="kt">int</span><span class="p">,</span> <span class="n"><a href="../../string/basic_string.html">std::string</a></span><span class="o">&gt;</span> <span class="n">twice</span><span class="p">(</span><span class="kt">int</span> <span class="n">n</span><span class="p">)</span>
<span class="p">{</span>
  <span class="k">if</span> <span class="p">(</span><span class="mi">0</span> <span class="o">&lt;</span> <span class="n">n</span><span class="p">)</span> <span class="p">{</span>
    <span class="k">return</span> <span class="n">n</span> <span class="o">*</span> <span class="mi">2</span><span class="p">;</span>
  <span class="p">}</span> <span class="k">else</span> <span class="p">{</span>
    <span class="k">return</span> <span class="n"><a href="../unexpected.html">std::unexpected</a></span><span class="p">{</span><span class="s">"out of domain"</span><span class="p">};</span>
  <span class="p">}</span>
<span class="p">}</span>

<span class="kt">int</span> <span class="n">main</span><span class="p">()</span>
<span class="p">{</span>
  <span class="n"><a href="../expected.html">std::expected</a></span><span class="o">&lt;</span><span class="kt">int</span><span class="p">,</span> <span class="n"><a href="../../string/basic_string.html">std::string</a></span><span class="o">&gt;</span> <span class="n">v1</span> <span class="o">=</span> <span class="mi">1</span><span class="p">;</span>
  <span class="n"><a href="../../cassert/assert.html">assert</a></span><span class="p">(</span><span class="n">v1</span><span class="p">.</span><span class="n"><span style="color:#ff0000">and_then</span></span><span class="p">(</span><span class="n">twice</span><span class="p">).</span><span class="n"><a href="value.html">value()</a></span> <span class="o">==</span> <span class="mi">2</span><span class="p">);</span>

  <span class="n"><a href="../expected.html">std::expected</a></span><span class="o">&lt;</span><span class="kt">int</span><span class="p">,</span> <span class="n"><a href="../../string/basic_string.html">std::string</a></span><span class="o">&gt;</span> <span class="n">v2</span> <span class="o">=</span> <span class="mi">0</span><span class="p">;</span>
  <span class="n"><a href="../../cassert/assert.html">assert</a></span><span class="p">(</span><span class="n">v2</span><span class="p">.</span><span class="n"><span style="color:#ff0000">and_then</span></span><span class="p">(</span><span class="n">twice</span><span class="p">).</span><span class="n"><a href="error.html">error()</a></span> <span class="o">==</span> <span class="s">"out of domain"</span><span class="p">);</span>

  <span class="n"><a href="../expected.html">std::expected</a></span><span class="o">&lt;</span><span class="kt">int</span><span class="p">,</span> <span class="n"><a href="../../string/basic_string.html">std::string</a></span><span class="o">&gt;</span> <span class="n">e1</span> <span class="o">=</span> <span class="n"><a href="../unexpected.html">std::unexpected</a></span><span class="p">{</span><span class="s">"NaN"</span><span class="p">};</span>
  <span class="n"><a href="../../cassert/assert.html">assert</a></span><span class="p">(</span><span class="n">e1</span><span class="p">.</span><span class="n"><span style="color:#ff0000">and_then</span></span><span class="p">(</span><span class="n">twice</span><span class="p">).</span><span class="n"><a href="error.html">error()</a></span> <span class="o">==</span> <span class="s">"NaN"</span><span class="p">);</span>
<span class="p">}</span>
</code></pre></div>
</div></p>
<h3>出力</h3>
<p><pre><code></code></pre></p>
<h2>バージョン</h2>
<h3>言語</h3>
<ul>
<li>C++23</li>
</ul>
<h3>処理系</h3>
<ul>
<li><a href="../../../implementation.html#clang">Clang</a>: ??</li>
<li><a href="../../../implementation.html#gcc">GCC</a>: 13.0 <span aria-label="検証済" role="img" title="検証済">✅</span></li>
<li><a href="../../../implementation.html#icc">ICC</a>: ??</li>
<li><a href="../../../implementation.html#visual_cpp">Visual C++</a>: ??</li>
</ul>
<h2>関連項目</h2>
<ul>
<li><code><a href="or_else.html">or_else()</a></code></li>
<li><code><a href="transform.html">transform()</a></code></li>
<li><code><a href="transform_error.html">transform_error()</a></code></li>
</ul>
<h2>参照</h2>
<ul>
<li><a href="https://www.open-std.org/jtc1/sc22/wg21/docs/papers/2022/p2505r5.html" target="_blank">P2505R5 Monadic Functions for <code>std::expected</code></a></li>
</ul></div>

      </div>
    </div>
  </div>
  
  
    <div id="sidebar" class="col-sm-3 col-sm-pull-9">
    </div>
  

</div>
            </div>
        </main>
<footer class="footer navbar navbar-default">
  <div class="container-fluid">
    <p><small>
      本サイトの情報は、
        <a href="https://creativecommons.org/licenses/by/3.0/deed.ja" rel="nofollow">クリエイティブ・コモンズ 表示 3.0 非移植 ライセンス(CC BY)</a>
      の下に提供されています。
    </small></p>
  </div>
</footer>
    </body>
</html>