<!doctype html>
<html class="cpprefjp" lang="ja" itemscope="" itemtype="http://schema.org/WebPage">
    <head>
        
  
<!-- Google tag (gtag.js) -->
<script async src="https://www.googletagmanager.com/gtag/js?id=G-NXNBNVBTJS"></script>
<script>
  window.dataLayer = window.dataLayer || [];
  function gtag(){dataLayer.push(arguments);}
  gtag('js', new Date());

  gtag('config', 'G-NXNBNVBTJS');
</script>


        <meta charset="UTF-8">

        <title>expected::operator!= - cpprefjp C++日本語リファレンス</title>

        <meta name="viewport" content="width=device-width,initial-scale=1">
        <meta name="keywords" content="
  C++,標準ライブラリ,リファレンス,ドキュメント,STL,std,expected,function template,std,expected,cpp23
">
        <meta name="title" content="expected::operator!= - cpprefjp C++日本語リファレンス" />
        <meta itemprop="name" content="expected::operator!= - cpprefjp C++日本語リファレンス" />
        <meta property="og:title" content="expected::operator!= - cpprefjp C++日本語リファレンス" />
        <meta property="og:url" content="https://cpprefjp.github.io/reference/expected/expected/op_not_equal.html" />
        <meta property="og:site_name" content="cpprefjp - C++日本語リファレンス" />
        <meta property="og:type" content="article" />
        <meta property="og:description" content="- (1) : `expected`オブジェクト同士の非等値比較を行う。" />
        <meta name="twitter:card" content="summary" />
        <meta name="twitter:title" content="expected::operator!= - cpprefjp C++日本語リファレンス" />
        <meta name="twitter:url" content="https://cpprefjp.github.io/reference/expected/expected/op_not_equal.html" />
        <meta name="twitter:description" content="- (1) : `expected`オブジェクト同士の非等値比較を行う。" />

        
  <link rel="alternate" type="application/atom+xml" title="Atom" href="https://cpprefjp.github.io/rss.xml" />


<link rel="apple-touch-icon" sizes="180x180" href="../../../static/favicons/apple-touch-icon.png?cachebust=8057d990dd61d47f1f176cd500c679183b81aeaa">
<link rel="icon" type="image/png" sizes="32x32" href="../../../static/favicons/favicon-32x32.png?cachebust=8057d990dd61d47f1f176cd500c679183b81aeaa">
<link rel="icon" type="image/png" sizes="16x16" href="../../../static/favicons/favicon-16x16.png?cachebust=8057d990dd61d47f1f176cd500c679183b81aeaa">
<link rel="manifest" href="../../../manifest.json?cachebust=8057d990dd61d47f1f176cd500c679183b81aeaa">
<meta name="theme-color" content="#f5f8fc">

<link rel="stylesheet" href="../../../static/pygments/default.css?cachebust=8057d990dd61d47f1f176cd500c679183b81aeaa">
<!-- <link rel="stylesheet" href="../../../static/css/root.css"> -->

        
  


<link href="../../../static/kunai/css/kunai-stage-0.css?cachebust=8057d990dd61d47f1f176cd500c679183b81aeaa" rel="stylesheet">
<link href="../../../static/kunai/css/kunai-stage-1.css?cachebust=8057d990dd61d47f1f176cd500c679183b81aeaa" rel="stylesheet">
<link href="../../../static/kunai/css/kunai-stage-2.css?cachebust=8057d990dd61d47f1f176cd500c679183b81aeaa" rel="stylesheet">
<link href="../../../static/kunai/css/kunai-stage-3.css?cachebust=8057d990dd61d47f1f176cd500c679183b81aeaa" rel="stylesheet">

<script type="text/javascript" src="../../../static/kunai/js/kunai-vendor.js?cachebust=8057d990dd61d47f1f176cd500c679183b81aeaa"></script>
<script type="text/javascript" src="../../../static/kunai/js/kunai.js?cachebust=8057d990dd61d47f1f176cd500c679183b81aeaa"></script>

<script type="text/javascript">
  document.addEventListener('DOMContentLoaded', function() {
    var kn = new Kunai;
    kn.cpprefjp();
  });
</script>

    </head>
    <body>
<header data-kunai-mdinfo="{&#34;meta&#34;: {&#34;header&#34;: [&#34;expected&#34;], &#34;id-type&#34;: [&#34;function template&#34;], &#34;namespace&#34;: [&#34;std&#34;], &#34;class&#34;: [&#34;expected&#34;], &#34;cpp&#34;: [&#34;cpp23&#34;]}, &#34;sources&#34;: [{&#34;id&#34;: &#34;7d6e26953eed7f3a7030c52455bb6d80f3e66a24&#34;, &#34;source&#34;: &#34;#include &lt;cassert&gt;\n#include &lt;expected&gt;\n\nint main()\n{\n  std::expected&lt;long, long&gt;   x1 = 1;\n  std::expected&lt;short, short&gt; y1 = 100;\n  std::expected&lt;long, long&gt;   x2 = std::unexpected{1};\n  std::expected&lt;short, short&gt; y2 = std::unexpected{100};\n\n  // (1)\n  assert(x1 != y1);\n  assert(x2 != y2);\n  assert(x1 != y2);\n  assert(x2 != y1);\n\n  // (2), (3)\n  assert(x1 != 2);\n  assert(2 != x1);\n\n  // (4), (5)\n  assert(x2 != std::unexpected{2});\n  assert(std::unexpected{2} != x2);\n}\n&#34;}], &#34;page_id&#34;: [&#34;reference&#34;, &#34;expected&#34;, &#34;expected&#34;, &#34;op_not_equal&#34;]}">
  <nav class="navbar navbar-default" role="navigation">
    <div class="container-fluid">
      <div class="navbar-header">
        <button type="button" class="navbar-toggle collapsed" data-toggle="collapse" data-target="#navbar-collapse">
          <span class="sr-only">Toggle navigation</span>
          <span class="icon-bar"></span>
          <span class="icon-bar"></span>
          <span class="icon-bar"></span>
        </button>
        <a class="navbar-brand" href="../../../index.html">
          <div class="title-wrapper clearfix">
            <div class="title">cpprefjp - C++日本語リファレンス</div>
          </div>
        </a>
      </div>

      <div class="collapse navbar-collapse" id="navbar-collapse">
        <ul class="nav navbar-nav navbar-right">
          <li>
            <div class="google-search">
              
  
<script>
  (function() {
    var cx = '013316413321391058734:ji_u66hl7hq';
    var gcse = document.createElement('script');
    gcse.type = 'text/javascript';
    gcse.async = true;
    gcse.src = (document.location.protocol == 'https:' ? 'https:' : 'http:') +
        '//www.google.com/cse/cse.js?cx=' + cx;
    var s = document.getElementsByTagName('script')[0];
    s.parentNode.insertBefore(gcse, s);
  })();
</script>
<div class="gcse-search"></div>


            </div>
          </li>
          <li>
  <a href="https://github.com/cpprefjp/site">GitHub Project</a>
</li>
        </ul>
      </div>
    </div>
  </nav>
</header>

        <main id="main" role="main">
            <div class="container-fluid">
<div class="row">
  <div class="col-sm-9 col-sm-push-3" itemscope itemtype="http://schema.org/Article">
    <div class="row">
      <div class="col-sm-12 google-search-result">
        <gcse:searchresults></gcse:searchresults>
      </div>
    </div>
    <div class="row">
      <div class="col-sm-12 content-header">
        
  <ol class="breadcrumb">
    
      <li  itemscope itemtype="http://www.schema.org/SiteNavigationElement">
        <span>
          
            <a href="../../../index.html" itemprop="url">
              
                <i class="fa fa-fw fa-home"></i>
              
            </a>
          
        </span>
      </li>
    
      <li  itemscope itemtype="http://www.schema.org/SiteNavigationElement">
        <span>
          
            <a href="../../../reference.html" itemprop="url">
              
                <span itemprop="name">リファレンス</span>
              
            </a>
          
        </span>
      </li>
    
      <li  itemscope itemtype="http://www.schema.org/SiteNavigationElement">
        <span>
          
            <a href="../../../reference/expected.html" itemprop="url">
              
                <span itemprop="name">expected</span>
              
            </a>
          
        </span>
      </li>
    
      <li  itemscope itemtype="http://www.schema.org/SiteNavigationElement">
        <span>
          
            <a href="../../../reference/expected/expected.html" itemprop="url">
              
                <span itemprop="name">expected</span>
              
            </a>
          
        </span>
      </li>
    
      <li class="active" itemscope itemtype="http://www.schema.org/SiteNavigationElement">
        <span>
          
            
              <span itemprop="name">operator!=</span>
            
          
        </span>
      </li>
    
  </ol>
  <div class="crsearch"></div>

      </div>
    </div>
    <div class="row">
      <div class="col-sm-12 edit-button">
        
  
    <p class="text-right"><small>
      最終更新日時(UTC):
      <span itemprop="datePublished" content="2025-02-28T01:18:32">
        2025年02月28日 01時18分32秒
      </span>
      <br/>
      <span itemprop="author" itemscope itemtype="http://schema.org/Person">
        <span itemprop="name">Akira Takahashi</span>
      </span>
      が更新
    </small></p>
  

        <p class="text-right">
          <a class="history" target="_blank" href="https://github.com/cpprefjp/site/commits/master/reference/expected/expected/op_not_equal.md">
            <span class="fa fa-fw fa-clock-o fa-flip-horizontal"></span>履歴
          </a>
          <a class="edit" target="_blank" href="https://github.com/cpprefjp/site/edit/master/reference/expected/expected/op_not_equal.md">
            <span class="fa fa-fw fa-pencil"></span>編集
          </a>
        </p>
      </div>
    </div>
    <div class="row">
      <div class="col-sm-12 content-body">
        
  <div class="identifier-type">function template</div><div class="header">&lt;expected&gt;</div><h1 itemprop="name"><span class="namespace" title="namespace std">std::</span><span class="class" title="class expected">expected::</span><span class="token">operator!=</span><span class="cpp cpp23" title="C++23で追加">(C++23)</span></h1>
<div itemprop="articleBody"><p><div class="codehilite"><pre><span></span><code><span class="c1">// <a href="op_equal.html">operator==</a>により、下記オーバーロードが使用可能になる</span>
<span class="k">template</span><span class="o">&lt;</span><span class="k">class</span> <span class="nc">T2</span><span class="p">,</span> <span class="k">class</span> <span class="nc">E2</span><span class="o">&gt;</span> <span class="n">requires</span> <span class="p">(</span><span class="o">!</span><span class="n"><a href="../../type_traits/is_void.html">is_void_v</a></span><span class="o">&lt;</span><span class="n">T2</span><span class="o">&gt;</span><span class="p">)</span>
<span class="k">friend</span> <span class="k">constexpr</span> <span class="kt">bool</span> <span class="k">operator</span><span class="o">!=</span><span class="p">(</span><span class="k">const</span> <span class="n">expected</span><span class="o">&amp;</span> <span class="n">x</span><span class="p">,</span> <span class="k">const</span> <span class="n">expected</span><span class="o">&lt;</span><span class="n">T2</span><span class="p">,</span> <span class="n">E2</span><span class="o">&gt;&amp;</span> <span class="n">y</span><span class="p">);</span> <span class="c1">// (1)</span>

<span class="k">template</span><span class="o">&lt;</span><span class="k">class</span> <span class="nc">T2</span><span class="o">&gt;</span>
<span class="k">friend</span> <span class="k">constexpr</span> <span class="kt">bool</span> <span class="k">operator</span><span class="o">!=</span><span class="p">(</span><span class="k">const</span> <span class="n">expected</span><span class="o">&amp;</span> <span class="n">x</span><span class="p">,</span> <span class="k">const</span> <span class="n">T2</span><span class="o">&amp;</span> <span class="n">v</span><span class="p">);</span> <span class="c1">// (2)</span>
<span class="k">template</span><span class="o">&lt;</span><span class="k">class</span> <span class="nc">T2</span><span class="o">&gt;</span>
<span class="k">friend</span> <span class="k">constexpr</span> <span class="kt">bool</span> <span class="k">operator</span><span class="o">!=</span><span class="p">(</span><span class="k">const</span> <span class="n">T2</span><span class="o">&amp;</span> <span class="n">v</span><span class="p">,</span> <span class="k">const</span> <span class="n">expected</span><span class="o">&amp;</span> <span class="n">x</span><span class="p">);</span> <span class="c1">// (3)</span>

<span class="k">template</span><span class="o">&lt;</span><span class="k">class</span> <span class="nc">E2</span><span class="o">&gt;</span>
<span class="k">friend</span> <span class="k">constexpr</span> <span class="kt">bool</span> <span class="k">operator</span><span class="o">!=</span><span class="p">(</span><span class="k">const</span> <span class="n">expected</span><span class="o">&amp;</span> <span class="n">x</span><span class="p">,</span> <span class="k">const</span> <span class="n"><a href="../unexpected.html">unexpected</a></span><span class="o">&lt;</span><span class="n">E2</span><span class="o">&gt;&amp;</span> <span class="n">e</span><span class="p">);</span> <span class="c1">// (4)</span>
<span class="k">template</span><span class="o">&lt;</span><span class="k">class</span> <span class="nc">E2</span><span class="o">&gt;</span>
<span class="k">friend</span> <span class="k">constexpr</span> <span class="kt">bool</span> <span class="k">operator</span><span class="o">!=</span><span class="p">(</span><span class="k">const</span> <span class="n"><a href="../unexpected.html">unexpected</a></span><span class="o">&lt;</span><span class="n">E2</span><span class="o">&gt;&amp;</span> <span class="n">e</span><span class="p">,</span> <span class="k">const</span> <span class="n">expected</span><span class="o">&amp;</span> <span class="n">x</span><span class="p">);</span> <span class="c1">// (5)</span>
</code></pre></div>
</p>
<h2>概要</h2>
<ul>
<li>(1) : <code>expected</code>オブジェクト同士の非等値比較を行う。</li>
<li>(2), (3) : <code>expected</code>オブジェクトと正常値の非等値比較を行う。</li>
<li>(4), (5) : <code>expected</code>オブジェクトとエラー値の非等値比較を行う。</li>
</ul>
<h2><a class="cpprefjp-defined-word" data-desc="関数等の意味論を構成する要素の1つ。Constraints。関数であればオーバーロード解決に参加するための条件、それ以外であれば受け付ける型の条件">テンプレートパラメータ制約</a></h2>
<ul>
<li>(1) : 式<code><a href="op_deref.html">*x</a> == <a href="op_deref.html">*y</a></code>および式<code>x.<a href="error.html">error()</a> == y.<a href="error.html">error()</a></code>が<a class="cpprefjp-defined-word" data-desc="プログラムが文法規則・診断対象の意味規則・単一定義規則を満たすこと" href="../../../implementation-compliance.html#dfn-well-formed">適格</a>であり、各式の結果を<code>bool</code>へ変換可能であること。</li>
<li>(2), (3) : 式<code><a href="op_deref.html">*x</a> == v</code>が<a class="cpprefjp-defined-word" data-desc="プログラムが文法規則・診断対象の意味規則・単一定義規則を満たすこと" href="../../../implementation-compliance.html#dfn-well-formed">適格</a>であり、その結果を<code>bool</code>へ変換可能であること。</li>
<li>(4), (5) : 式<code>x.<a href="error.html">error()</a> == e.<a href="../unexpected/error.html">error()</a></code>が<a class="cpprefjp-defined-word" data-desc="プログラムが文法規則・診断対象の意味規則・単一定義規則を満たすこと" href="../../../implementation-compliance.html#dfn-well-formed">適格</a>であり、その結果を<code>bool</code>へ変換可能であること。</li>
</ul>
<h2><a class="cpprefjp-defined-word" data-desc="関数呼び出し式の評価結果となるオブジェクト・値">戻り値</a></h2>
<ul>
<li>(1) : <code>!<a href="op_equal.html">(x == y)</a></code></li>
<li>(2), (3) : <code>!<a href="op_equal.html">(x == v)</a></code></li>
<li>(4), (5) : <code>!<a href="op_equal.html">(x == e)</a></code></li>
</ul>
<h2>例</h2>
<p><div class="yata" id="7d6e26953eed7f3a7030c52455bb6d80f3e66a24"><div class="codehilite"><pre><span></span><code><span class="cp">#include</span> <span class="cpf"><a href="../../cassert.html">&lt;cassert&gt;</a></span><span class="cp"></span>
<span class="cp">#include</span> <span class="cpf"><a href="../../expected.html">&lt;expected&gt;</a></span><span class="cp"></span>

<span class="kt">int</span> <span class="nf">main</span><span class="p">()</span>
<span class="p">{</span>
  <span class="n"><a href="../expected.html">std::expected</a></span><span class="o">&lt;</span><span class="kt">long</span><span class="p">,</span> <span class="kt">long</span><span class="o">&gt;</span>   <span class="n">x1</span> <span class="o">=</span> <span class="mi">1</span><span class="p">;</span>
  <span class="n"><a href="../expected.html">std::expected</a></span><span class="o">&lt;</span><span class="kt">short</span><span class="p">,</span> <span class="kt">short</span><span class="o">&gt;</span> <span class="n">y1</span> <span class="o">=</span> <span class="mi">100</span><span class="p">;</span>
  <span class="n"><a href="../expected.html">std::expected</a></span><span class="o">&lt;</span><span class="kt">long</span><span class="p">,</span> <span class="kt">long</span><span class="o">&gt;</span>   <span class="n">x2</span> <span class="o">=</span> <span class="n"><a href="../unexpected.html">std::unexpected</a></span><span class="p">{</span><span class="mi">1</span><span class="p">};</span>
  <span class="n"><a href="../expected.html">std::expected</a></span><span class="o">&lt;</span><span class="kt">short</span><span class="p">,</span> <span class="kt">short</span><span class="o">&gt;</span> <span class="n">y2</span> <span class="o">=</span> <span class="n"><a href="../unexpected.html">std::unexpected</a></span><span class="p">{</span><span class="mi">100</span><span class="p">};</span>

  <span class="c1">// (1)</span>
  <span class="n"><a href="../../cassert/assert.html">assert</a></span><span class="p">(</span><span class="n">x1</span> <span class="n"><span style="color:#ff0000">!=</span></span> <span class="n">y1</span><span class="p">);</span>
  <span class="n"><a href="../../cassert/assert.html">assert</a></span><span class="p">(</span><span class="n">x2</span> <span class="n"><span style="color:#ff0000">!=</span></span> <span class="n">y2</span><span class="p">);</span>
  <span class="n"><a href="../../cassert/assert.html">assert</a></span><span class="p">(</span><span class="n">x1</span> <span class="n"><span style="color:#ff0000">!=</span></span> <span class="n">y2</span><span class="p">);</span>
  <span class="n"><a href="../../cassert/assert.html">assert</a></span><span class="p">(</span><span class="n">x2</span> <span class="n"><span style="color:#ff0000">!=</span></span> <span class="n">y1</span><span class="p">);</span>

  <span class="c1">// (2), (3)</span>
  <span class="n"><a href="../../cassert/assert.html">assert</a></span><span class="p">(</span><span class="n">x1</span> <span class="n"><span style="color:#ff0000">!=</span></span> <span class="mi">2</span><span class="p">);</span>
  <span class="n"><a href="../../cassert/assert.html">assert</a></span><span class="p">(</span><span class="mi">2</span> <span class="n"><span style="color:#ff0000">!=</span></span> <span class="n">x1</span><span class="p">);</span>

  <span class="c1">// (4), (5)</span>
  <span class="n"><a href="../../cassert/assert.html">assert</a></span><span class="p">(</span><span class="n">x2</span> <span class="n"><span style="color:#ff0000">!=</span></span> <span class="n"><a href="../unexpected.html">std::unexpected</a></span><span class="p">{</span><span class="mi">2</span><span class="p">});</span>
  <span class="n"><a href="../../cassert/assert.html">assert</a></span><span class="p">(</span><span class="n"><a href="../unexpected.html">std::unexpected</a></span><span class="p">{</span><span class="mi">2</span><span class="p">}</span> <span class="n"><span style="color:#ff0000">!=</span></span> <span class="n">x2</span><span class="p">);</span>
<span class="p">}</span>
</code></pre></div>
</div></p>
<h3>出力</h3>
<p><pre><code></code></pre></p>
<h2>バージョン</h2>
<h3>言語</h3>
<ul>
<li>C++23</li>
</ul>
<h3>処理系</h3>
<ul>
<li><a href="../../../implementation.html#clang">Clang</a>: 16.0 <span aria-label="検証済" role="img" title="検証済">✅</span></li>
<li><a href="../../../implementation.html#gcc">GCC</a>: 12.1 <span aria-label="検証済" role="img" title="検証済">✅</span></li>
<li><a href="../../../implementation.html#icc">ICC</a>: ??</li>
<li><a href="../../../implementation.html#visual_cpp">Visual C++</a>: ??</li>
</ul>
<h2>参照</h2>
<ul>
<li><a href="https://www.open-std.org/jtc1/sc22/wg21/docs/papers/2022/p0323r12.html" target="_blank">P0323R12 std::expected</a></li>
<li><a href="https://open-std.org/jtc1/sc22/wg21/docs/papers/2024/p3379r0.html" target="_blank">P3379R0 Constrain <code>std::expected</code> equality operators</a><ul>
<li>C++26で「<a class="cpprefjp-defined-word" data-desc="関数等の意味論を構成する要素の1つ。Mandates。満たさなければプログラムが不適格となる要件。この要件は、オーバーロード解決によって選択された関数内での`static_assert`の定数条件式や、関数に対するdelete宣言などで表現できる">適格要件</a>」を「<a class="cpprefjp-defined-word" data-desc="関数等の意味論を構成する要素の1つ。Constraints。関数であればオーバーロード解決に参加するための条件、それ以外であれば受け付ける型の条件">テンプレートパラメータ制約</a>」に変更</li>
</ul>
</li>
</ul></div>

      </div>
    </div>
  </div>
  
  
    <div id="sidebar" class="col-sm-3 col-sm-pull-9">
    </div>
  

</div>
            </div>
        </main>
<footer class="footer navbar navbar-default">
  <div class="container-fluid">
    <p><small>
      本サイトの情報は、
        <a href="https://creativecommons.org/licenses/by/3.0/deed.ja" rel="nofollow">クリエイティブ・コモンズ 表示 3.0 非移植 ライセンス(CC BY)</a>
      の下に提供されています。
    </small></p>
  </div>
</footer>
    </body>
</html>