<!doctype html>
<html class="cpprefjp" lang="ja" itemscope="" itemtype="http://schema.org/WebPage">
    <head>
        
  
<!-- Google tag (gtag.js) -->
<script async src="https://www.googletagmanager.com/gtag/js?id=G-NXNBNVBTJS"></script>
<script>
  window.dataLayer = window.dataLayer || [];
  function gtag(){dataLayer.push(arguments);}
  gtag('js', new Date());

  gtag('config', 'G-NXNBNVBTJS');
</script>


        <meta charset="UTF-8">

        <title>expected::swap - cpprefjp C++日本語リファレンス</title>

        <meta name="viewport" content="width=device-width,initial-scale=1">
        <meta name="keywords" content="
  C++,標準ライブラリ,リファレンス,ドキュメント,STL,std,expected,function,std,expected,cpp23
">
        <meta name="title" content="expected::swap - cpprefjp C++日本語リファレンス" />
        <meta itemprop="name" content="expected::swap - cpprefjp C++日本語リファレンス" />
        <meta property="og:title" content="expected::swap - cpprefjp C++日本語リファレンス" />
        <meta property="og:url" content="https://cpprefjp.github.io/reference/expected/expected/swap.html" />
        <meta property="og:site_name" content="cpprefjp - C++日本語リファレンス" />
        <meta property="og:type" content="article" />
        <meta property="og:description" content="他の`expected`オブジェクトとデータを入れ替える。" />
        <meta name="twitter:card" content="summary" />
        <meta name="twitter:title" content="expected::swap - cpprefjp C++日本語リファレンス" />
        <meta name="twitter:url" content="https://cpprefjp.github.io/reference/expected/expected/swap.html" />
        <meta name="twitter:description" content="他の`expected`オブジェクトとデータを入れ替える。" />

        
  <link rel="alternate" type="application/atom+xml" title="Atom" href="https://cpprefjp.github.io/rss.xml" />


<link rel="apple-touch-icon" sizes="180x180" href="../../../static/favicons/apple-touch-icon.png?cachebust=8057d990dd61d47f1f176cd500c679183b81aeaa">
<link rel="icon" type="image/png" sizes="32x32" href="../../../static/favicons/favicon-32x32.png?cachebust=8057d990dd61d47f1f176cd500c679183b81aeaa">
<link rel="icon" type="image/png" sizes="16x16" href="../../../static/favicons/favicon-16x16.png?cachebust=8057d990dd61d47f1f176cd500c679183b81aeaa">
<link rel="manifest" href="../../../manifest.json?cachebust=8057d990dd61d47f1f176cd500c679183b81aeaa">
<meta name="theme-color" content="#f5f8fc">

<link rel="stylesheet" href="../../../static/pygments/default.css?cachebust=8057d990dd61d47f1f176cd500c679183b81aeaa">
<!-- <link rel="stylesheet" href="../../../static/css/root.css"> -->

        
  


<link href="../../../static/kunai/css/kunai-stage-0.css?cachebust=8057d990dd61d47f1f176cd500c679183b81aeaa" rel="stylesheet">
<link href="../../../static/kunai/css/kunai-stage-1.css?cachebust=8057d990dd61d47f1f176cd500c679183b81aeaa" rel="stylesheet">
<link href="../../../static/kunai/css/kunai-stage-2.css?cachebust=8057d990dd61d47f1f176cd500c679183b81aeaa" rel="stylesheet">
<link href="../../../static/kunai/css/kunai-stage-3.css?cachebust=8057d990dd61d47f1f176cd500c679183b81aeaa" rel="stylesheet">

<script type="text/javascript" src="../../../static/kunai/js/kunai-vendor.js?cachebust=8057d990dd61d47f1f176cd500c679183b81aeaa"></script>
<script type="text/javascript" src="../../../static/kunai/js/kunai.js?cachebust=8057d990dd61d47f1f176cd500c679183b81aeaa"></script>

<script type="text/javascript">
  document.addEventListener('DOMContentLoaded', function() {
    var kn = new Kunai;
    kn.cpprefjp();
  });
</script>

    </head>
    <body>
<header data-kunai-mdinfo="{&#34;meta&#34;: {&#34;header&#34;: [&#34;expected&#34;], &#34;id-type&#34;: [&#34;function&#34;], &#34;namespace&#34;: [&#34;std&#34;], &#34;class&#34;: [&#34;expected&#34;], &#34;cpp&#34;: [&#34;cpp23&#34;]}, &#34;sources&#34;: [{&#34;id&#34;: &#34;632cedfd24d705764177b0f61743e27f6353d0d1&#34;, &#34;source&#34;: &#34;#include &lt;cassert&gt;\n#include &lt;expected&gt;\n#include &lt;string&gt;\n\nint main()\n{\n  std::expected&lt;int, std::string&gt; x = 42;\n  std::expected&lt;int, std::string&gt; y = std::unexpected{\&#34;ERR\&#34;};\n  assert(x.value() == 42 &amp;&amp; y.error() == \&#34;ERR\&#34;);\n\n  x.swap(y);\n  assert(x.error() == \&#34;ERR\&#34; &amp;&amp; y.value() == 42);\n}\n&#34;}], &#34;page_id&#34;: [&#34;reference&#34;, &#34;expected&#34;, &#34;expected&#34;, &#34;swap&#34;]}">
  <nav class="navbar navbar-default" role="navigation">
    <div class="container-fluid">
      <div class="navbar-header">
        <button type="button" class="navbar-toggle collapsed" data-toggle="collapse" data-target="#navbar-collapse">
          <span class="sr-only">Toggle navigation</span>
          <span class="icon-bar"></span>
          <span class="icon-bar"></span>
          <span class="icon-bar"></span>
        </button>
        <a class="navbar-brand" href="../../../index.html">
          <div class="title-wrapper clearfix">
            <div class="title">cpprefjp - C++日本語リファレンス</div>
          </div>
        </a>
      </div>

      <div class="collapse navbar-collapse" id="navbar-collapse">
        <ul class="nav navbar-nav navbar-right">
          <li>
            <div class="google-search">
              
  
<script>
  (function() {
    var cx = '013316413321391058734:ji_u66hl7hq';
    var gcse = document.createElement('script');
    gcse.type = 'text/javascript';
    gcse.async = true;
    gcse.src = (document.location.protocol == 'https:' ? 'https:' : 'http:') +
        '//www.google.com/cse/cse.js?cx=' + cx;
    var s = document.getElementsByTagName('script')[0];
    s.parentNode.insertBefore(gcse, s);
  })();
</script>
<div class="gcse-search"></div>


            </div>
          </li>
          <li>
  <a href="https://github.com/cpprefjp/site">GitHub Project</a>
</li>
        </ul>
      </div>
    </div>
  </nav>
</header>

        <main id="main" role="main">
            <div class="container-fluid">
<div class="row">
  <div class="col-sm-9 col-sm-push-3" itemscope itemtype="http://schema.org/Article">
    <div class="row">
      <div class="col-sm-12 google-search-result">
        <gcse:searchresults></gcse:searchresults>
      </div>
    </div>
    <div class="row">
      <div class="col-sm-12 content-header">
        
  <ol class="breadcrumb">
    
      <li  itemscope itemtype="http://www.schema.org/SiteNavigationElement">
        <span>
          
            <a href="../../../index.html" itemprop="url">
              
                <i class="fa fa-fw fa-home"></i>
              
            </a>
          
        </span>
      </li>
    
      <li  itemscope itemtype="http://www.schema.org/SiteNavigationElement">
        <span>
          
            <a href="../../../reference.html" itemprop="url">
              
                <span itemprop="name">リファレンス</span>
              
            </a>
          
        </span>
      </li>
    
      <li  itemscope itemtype="http://www.schema.org/SiteNavigationElement">
        <span>
          
            <a href="../../../reference/expected.html" itemprop="url">
              
                <span itemprop="name">expected</span>
              
            </a>
          
        </span>
      </li>
    
      <li  itemscope itemtype="http://www.schema.org/SiteNavigationElement">
        <span>
          
            <a href="../../../reference/expected/expected.html" itemprop="url">
              
                <span itemprop="name">expected</span>
              
            </a>
          
        </span>
      </li>
    
      <li class="active" itemscope itemtype="http://www.schema.org/SiteNavigationElement">
        <span>
          
            
              <span itemprop="name">swap</span>
            
          
        </span>
      </li>
    
  </ol>
  <div class="crsearch"></div>

      </div>
    </div>
    <div class="row">
      <div class="col-sm-12 edit-button">
        
  
    <p class="text-right"><small>
      最終更新日時(UTC):
      <span itemprop="datePublished" content="2024-06-11T13:45:38">
        2024年06月11日 13時45分38秒
      </span>
      <br/>
      <span itemprop="author" itemscope itemtype="http://schema.org/Person">
        <span itemprop="name">Akira Takahashi</span>
      </span>
      が更新
    </small></p>
  

        <p class="text-right">
          <a class="history" target="_blank" href="https://github.com/cpprefjp/site/commits/master/reference/expected/expected/swap.md">
            <span class="fa fa-fw fa-clock-o fa-flip-horizontal"></span>履歴
          </a>
          <a class="edit" target="_blank" href="https://github.com/cpprefjp/site/edit/master/reference/expected/expected/swap.md">
            <span class="fa fa-fw fa-pencil"></span>編集
          </a>
        </p>
      </div>
    </div>
    <div class="row">
      <div class="col-sm-12 content-body">
        
  <div class="identifier-type">function</div><div class="header">&lt;expected&gt;</div><h1 itemprop="name"><span class="namespace" title="namespace std">std::</span><span class="class" title="class expected">expected::</span><span class="token">swap</span><span class="cpp cpp23" title="C++23で追加">(C++23)</span></h1>
<div itemprop="articleBody"><p><div class="codehilite"><pre><span></span><code><span class="k">constexpr</span> <span class="kt">void</span> <span class="nf">swap</span><span class="p">(</span><span class="n">expected</span><span class="o">&amp;</span> <span class="n">rhs</span><span class="p">)</span> <span class="k">noexcept</span><span class="p">(</span><span class="n"><i>see below</i></span><span class="p">);</span>
</code></pre></div>
</p>
<h2>概要</h2>
<p>他の<code>expected</code>オブジェクトとデータを入れ替える。</p>
<p>動作説明用の<code>expected</code>クラスメンバ変数として、下記を導入する。</p>
<ul>
<li><code>val</code> : <code>T</code>型の正常値。</li>
<li><code>unex</code> : <code>E</code>型のエラー値。</li>
<li><code>has_val</code> : <code>bool</code>型のフラグ変数。正常値を保持する場合は<code>true</code>に、エラー値を保持する場合は<code>false</code>となる。</li>
</ul>
<h2><a class="cpprefjp-defined-word" data-desc="関数等の意味論を構成する要素の1つ。Constraints。関数であればオーバーロード解決に参加するための条件、それ以外であれば受け付ける型の条件">テンプレートパラメータ制約</a></h2>
<p>次の制約を全て満たすこと</p>
<ul>
<li><code><a href="../../type_traits/is_swappable.html">is_swappable_v</a>&lt;T&gt; == true</code></li>
<li><code><a href="../../type_traits/is_swappable.html">is_swappable_v</a>&lt;E&gt; == true</code></li>
<li><code>(<a href="../../type_traits/is_move_constructible.html">is_move_constructible_v</a>&lt;T&gt; &amp;&amp; <a href="../../type_traits/is_move_constructible.html">is_move_constructible_v</a>&lt;E&gt;) == true</code></li>
<li><code>(<a href="../../type_traits/is_nothrow_move_constructible.html">is_nothrow_move_constructible_v</a>&lt;T&gt; || <a href="../../type_traits/is_nothrow_move_constructible.html">is_nothrow_move_constructible_v</a>&lt;E&gt;) == true</code></li>
</ul>
<h2>効果</h2>
<p><code>*this</code>と<code>rhs</code>それぞれが正常値／エラー値いずれを保持しているかに応じて、以下の効果を持つ。</p>
<ul>
<li><code>*this</code>と<code>rhs</code>ともに正常値を保持していれば、次と等価 : <code>using <a href="../../utility/swap.html">std::swap</a>; swap(val, rhs.val);</code></li>
<li><code>*this</code>と<code>rhs</code>ともにエラー値を保持していれば、次と等価 : <code>using <a href="../../utility/swap.html">std::swap</a>; swap(unex, rhs.unex);</code></li>
<li><code>*this</code>がエラー値を<code>rhs</code>が正常値を保持していれば、次と等価 : <code>rhs.swap(*this);</code></li>
<li><code>*this</code>が正常値を<code>rhs</code>がエラー値を保持していれば、次と等価 :
  <br />
<div class="codehilite"><pre><span></span><code><span class="k">if</span> <span class="nf">constexpr</span> <span class="p">(</span><span class="n"><a href="../../type_traits/is_nothrow_move_constructible.html">is_nothrow_move_constructible_v</a></span><span class="o">&lt;</span><span class="n">E</span><span class="o">&gt;</span><span class="p">)</span> <span class="p">{</span>
  <span class="n">E</span> <span class="n">tmp</span><span class="p">(</span><span class="n"><a href="../../utility/move.html">std::move</a></span><span class="p">(</span><span class="n">rhs</span><span class="p">.</span><span class="n">unex</span><span class="p">));</span>
  <span class="n"><a href="../../memory/destroy_at.html">destroy_at</a></span><span class="p">(</span><span class="n"><a href="../../memory/addressof.html">addressof</a></span><span class="p">(</span><span class="n">rhs</span><span class="p">.</span><span class="n">unex</span><span class="p">));</span>
  <span class="k">try</span> <span class="p">{</span>
    <span class="n"><a href="../../memory/construct_at.html">construct_at</a></span><span class="p">(</span><span class="n"><a href="../../memory/addressof.html">addressof</a></span><span class="p">(</span><span class="n">rhs</span><span class="p">.</span><span class="n">val</span><span class="p">),</span> <span class="n"><a href="../../utility/move.html">std::move</a></span><span class="p">(</span><span class="n">val</span><span class="p">));</span>
    <span class="n"><a href="../../memory/destroy_at.html">destroy_at</a></span><span class="p">(</span><span class="n"><a href="../../memory/addressof.html">addressof</a></span><span class="p">(</span><span class="n">val</span><span class="p">));</span>
    <span class="n"><a href="../../memory/construct_at.html">construct_at</a></span><span class="p">(</span><span class="n"><a href="../../memory/addressof.html">addressof</a></span><span class="p">(</span><span class="n">unex</span><span class="p">),</span> <span class="n"><a href="../../utility/move.html">std::move</a></span><span class="p">(</span><span class="n">tmp</span><span class="p">));</span>
  <span class="p">}</span> <span class="k">catch</span><span class="p">(...)</span> <span class="p">{</span>
    <span class="n"><a href="../../memory/construct_at.html">construct_at</a></span><span class="p">(</span><span class="n"><a href="../../memory/addressof.html">addressof</a></span><span class="p">(</span><span class="n">rhs</span><span class="p">.</span><span class="n">unex</span><span class="p">),</span> <span class="n"><a href="../../utility/move.html">std::move</a></span><span class="p">(</span><span class="n">tmp</span><span class="p">));</span>
    <span class="k">throw</span><span class="p">;</span>
  <span class="p">}</span>
<span class="p">}</span> <span class="k">else</span> <span class="p">{</span>
  <span class="n">T</span> <span class="n">tmp</span><span class="p">(</span><span class="n"><a href="../../utility/move.html">std::move</a></span><span class="p">(</span><span class="n">val</span><span class="p">));</span>
  <span class="n"><a href="../../memory/destroy_at.html">destroy_at</a></span><span class="p">(</span><span class="n"><a href="../../memory/addressof.html">addressof</a></span><span class="p">(</span><span class="n">val</span><span class="p">));</span>
  <span class="k">try</span> <span class="p">{</span>
    <span class="n"><a href="../../memory/construct_at.html">construct_at</a></span><span class="p">(</span><span class="n"><a href="../../memory/addressof.html">addressof</a></span><span class="p">(</span><span class="n">unex</span><span class="p">),</span> <span class="n"><a href="../../utility/move.html">std::move</a></span><span class="p">(</span><span class="n">rhs</span><span class="p">.</span><span class="n">unex</span><span class="p">));</span>
    <span class="n"><a href="../../memory/destroy_at.html">destroy_at</a></span><span class="p">(</span><span class="n"><a href="../../memory/addressof.html">addressof</a></span><span class="p">(</span><span class="n">rhs</span><span class="p">.</span><span class="n">unex</span><span class="p">));</span>
    <span class="n"><a href="../../memory/construct_at.html">construct_at</a></span><span class="p">(</span><span class="n"><a href="../../memory/addressof.html">addressof</a></span><span class="p">(</span><span class="n">rhs</span><span class="p">.</span><span class="n">val</span><span class="p">),</span> <span class="n"><a href="../../utility/move.html">std::move</a></span><span class="p">(</span><span class="n">tmp</span><span class="p">));</span>
  <span class="p">}</span> <span class="k">catch</span> <span class="p">(...)</span> <span class="p">{</span>
    <span class="n"><a href="../../memory/construct_at.html">construct_at</a></span><span class="p">(</span><span class="n"><a href="../../memory/addressof.html">addressof</a></span><span class="p">(</span><span class="n">val</span><span class="p">),</span> <span class="n"><a href="../../utility/move.html">std::move</a></span><span class="p">(</span><span class="n">tmp</span><span class="p">));</span>
    <span class="k">throw</span><span class="p">;</span>
  <span class="p">}</span>
<span class="p">}</span>
<span class="n">has_val</span> <span class="o">=</span> <span class="nb">false</span><span class="p">;</span>
<span class="n">rhs</span><span class="p">.</span><span class="n">has_val</span> <span class="o">=</span> <span class="nb">true</span><span class="p">;</span>
</code></pre></div>
</li>
</ul>
<h2><a class="cpprefjp-defined-word" data-desc="関数呼び出し式の評価結果となるオブジェクト・値">戻り値</a></h2>
<p>なし</p>
<h2><a class="cpprefjp-defined-word" data-desc="問題が発生したときに、現在実行位置を過去に通過・記録した位置に戻し、文脈情報を添えて紐づけられた処理(例外ハンドラー)を呼び出す仕組み。またはその事態">例外</a></h2>
<p>noexcept<a class="cpprefjp-defined-word" data-desc="問題が発生したときに、現在実行位置を過去に通過・記録した位置に戻し、文脈情報を添えて紐づけられた処理(例外ハンドラー)を呼び出す仕組み。またはその事態">例外</a>指定は次の式に従う :</p>
<p><code><a href="../../type_traits/is_nothrow_move_constructible.html">is_nothrow_move_constructible_v</a>&lt;T&gt; &amp;&amp; <a href="../../type_traits/is_nothrow_swappable.html">is_nothrow_swappable_v</a>&lt;T&gt; &amp;&amp; <a href="../../type_traits/is_nothrow_move_constructible.html">is_nothrow_move_constructible_v</a>&lt;E&gt; &amp;&amp; <a href="../../type_traits/is_nothrow_swappable.html">is_nothrow_swappable_v</a>&lt;E&gt;</code></p>
<p>noexcept<a class="cpprefjp-defined-word" data-desc="問題が発生したときに、現在実行位置を過去に通過・記録した位置に戻し、文脈情報を添えて紐づけられた処理(例外ハンドラー)を呼び出す仕組み。またはその事態">例外</a>指定が<code>false</code>の場合、上記の「効果」による処理からの<a class="cpprefjp-defined-word" data-desc="問題が発生したときに、現在実行位置を過去に通過・記録した位置に戻し、文脈情報を添えて紐づけられた処理(例外ハンドラー)を呼び出す仕組み。またはその事態">例外</a>がスローされる。</p>
<h2>例</h2>
<p><div class="yata" id="632cedfd24d705764177b0f61743e27f6353d0d1"><div class="codehilite"><pre><span></span><code><span class="cp">#include</span> <span class="cpf"><a href="../../cassert.html">&lt;cassert&gt;</a></span><span class="cp"></span>
<span class="cp">#include</span> <span class="cpf"><a href="../../expected.html">&lt;expected&gt;</a></span><span class="cp"></span>
<span class="cp">#include</span> <span class="cpf"><a href="../../string.html">&lt;string&gt;</a></span><span class="cp"></span>

<span class="kt">int</span> <span class="nf">main</span><span class="p">()</span>
<span class="p">{</span>
  <span class="n"><a href="../expected.html">std::expected</a></span><span class="o">&lt;</span><span class="kt">int</span><span class="p">,</span> <span class="n"><a href="../../string/basic_string.html">std::string</a></span><span class="o">&gt;</span> <span class="n">x</span> <span class="o">=</span> <span class="mi">42</span><span class="p">;</span>
  <span class="n"><a href="../expected.html">std::expected</a></span><span class="o">&lt;</span><span class="kt">int</span><span class="p">,</span> <span class="n"><a href="../../string/basic_string.html">std::string</a></span><span class="o">&gt;</span> <span class="n">y</span> <span class="o">=</span> <span class="n"><a href="../unexpected.html">std::unexpected</a></span><span class="p">{</span><span class="s">"ERR"</span><span class="p">};</span>
  <span class="n"><a href="../../cassert/assert.html">assert</a></span><span class="p">(</span><span class="n">x</span><span class="p">.</span><span class="n"><a href="value.html">value()</a></span> <span class="o">==</span> <span class="mi">42</span> <span class="o">&amp;&amp;</span> <span class="n">y</span><span class="p">.</span><span class="n"><a href="error.html">error()</a></span> <span class="o">==</span> <span class="s">"ERR"</span><span class="p">);</span>

  <span class="n">x</span><span class="p">.</span><span class="n"><span style="color:#ff0000">swap</span></span><span class="p">(</span><span class="n">y</span><span class="p">);</span>
  <span class="n"><a href="../../cassert/assert.html">assert</a></span><span class="p">(</span><span class="n">x</span><span class="p">.</span><span class="n"><a href="error.html">error()</a></span> <span class="o">==</span> <span class="s">"ERR"</span> <span class="o">&amp;&amp;</span> <span class="n">y</span><span class="p">.</span><span class="n"><a href="value.html">value()</a></span> <span class="o">==</span> <span class="mi">42</span><span class="p">);</span>
<span class="p">}</span>
</code></pre></div>
</div></p>
<h3>出力</h3>
<p><pre><code></code></pre></p>
<h2>バージョン</h2>
<h3>言語</h3>
<ul>
<li>C++23</li>
</ul>
<h3>処理系</h3>
<ul>
<li><a href="../../../implementation.html#clang">Clang</a>: 16.0 <span aria-label="検証済" role="img" title="検証済">✅</span></li>
<li><a href="../../../implementation.html#gcc">GCC</a>: 12.1 <span aria-label="検証済" role="img" title="検証済">✅</span></li>
<li><a href="../../../implementation.html#icc">ICC</a>: ??</li>
<li><a href="../../../implementation.html#visual_cpp">Visual C++</a>: ??</li>
</ul>
<h2>参照</h2>
<ul>
<li><a href="https://www.open-std.org/jtc1/sc22/wg21/docs/papers/2022/p0323r12.html" target="_blank">P0323R12 std::expected</a></li>
</ul></div>

      </div>
    </div>
  </div>
  
  
    <div id="sidebar" class="col-sm-3 col-sm-pull-9">
    </div>
  

</div>
            </div>
        </main>
<footer class="footer navbar navbar-default">
  <div class="container-fluid">
    <p><small>
      本サイトの情報は、
        <a href="https://creativecommons.org/licenses/by/3.0/deed.ja" rel="nofollow">クリエイティブ・コモンズ 表示 3.0 非移植 ライセンス(CC BY)</a>
      の下に提供されています。
    </small></p>
  </div>
</footer>
    </body>
</html>